../Core/Src/main.c:82:6:Medir_ADC	8	static
../Core/Src/main.c:91:6:HAL_TIM_PeriodElapsedCallback	16	static
../Core/Src/main.c:170:5:main	8	static
../Core/Src/main.c:245:6:SystemClock_Config	120	static
../Core/Src/main.c:295:13:MX_ADC1_Init	32	static
../Core/Src/main.c:352:13:MX_I2C1_Init	8	static
../Core/Src/main.c:400:13:MX_TIM2_Init	40	static
../Core/Src/main.c:445:13:MX_USART2_UART_Init	8	static
../Core/Src/main.c:480:13:MX_GPIO_Init	48	static
../Core/Src/main.c:530:6:Error_Handler	4	static,ignoring_inline_asm
