21:04:29 **** Incremental Build of configuration Debug for project adc12bits ****
make -j8 all 
arm-none-eabi-gcc "../Core/Src/main.c" -mcpu=cortex-m4 -std=gnu11 -g3 -DDEBUG -DUSE_HAL_DRIVER -DSTM32L476xx -c -I../Core/Inc -I../Drivers/STM32L4xx_HAL_Driver/Inc -I../Drivers/STM32L4xx_HAL_Driver/Inc/Legacy -I../Drivers/CMSIS/Device/ST/STM32L4xx/Include -I../Drivers/CMSIS/Include -O0 -ffunction-sections -fdata-sections -Wall -fstack-usage -fcyclomatic-complexity -MMD -MP -MF"Core/Src/main.d" -MT"Core/Src/main.o" --specs=nano.specs -mfpu=fpv4-sp-d16 -mfloat-abi=hard -mthumb -o "Core/Src/main.o"
arm-none-eabi-gcc -o "adc12bits.elf" @"objects.list"   -mcpu=cortex-m4 -T"C:\Users\mecat\Documents\GitHub\STM32CubeIDE\workspace_1.14.1\adc12bits\STM32L476RGTX_FLASH.ld" --specs=nosys.specs -Wl,-Map="adc12bits.map" -Wl,--gc-sections -static --specs=nano.specs -mfpu=fpv4-sp-d16 -mfloat-abi=hard -mthumb -u _printf_float -u _scanf_float -Wl,--start-group -lc -lm -Wl,--end-group
Finished building target: adc12bits.elf
 
arm-none-eabi-size  adc12bits.elf 
arm-none-eabi-objdump -h -S adc12bits.elf  > "adc12bits.list"
   text	   data	    bss	    dec	    hex	filename
  41736	    476	   2220	  44432	   ad90	adc12bits.elf
Finished building: default.size.stdout
 
Finished building: adc12bits.list
 

21:04:31 Build Finished. 0 errors, 0 warnings. (took 1s.480ms)

