20:29:43 **** Build of configuration Debug for project asignacion_tiempos ****
make -j8 all 
arm-none-eabi-gcc "../Core/Src/lcdjorge.c" -mcpu=cortex-m4 -std=gnu11 -g3 -DDEBUG -DUSE_HAL_DRIVER -DSTM32L476xx -c -I../Core/Inc -I../Drivers/STM32L4xx_HAL_Driver/Inc -I../Drivers/STM32L4xx_HAL_Driver/Inc/Legacy -I../Drivers/CMSIS/Device/ST/STM32L4xx/Include -I../Drivers/CMSIS/Include -O0 -ffunction-sections -fdata-sections -Wall -fstack-usage -fcyclomatic-complexity -MMD -MP -MF"Core/Src/lcdjorge.d" -MT"Core/Src/lcdjorge.o" --specs=nano.specs -mfpu=fpv4-sp-d16 -mfloat-abi=hard -mthumb -o "Core/Src/lcdjorge.o"
arm-none-eabi-gcc "../Core/Src/main.c" -mcpu=cortex-m4 -std=gnu11 -g3 -DDEBUG -DUSE_HAL_DRIVER -DSTM32L476xx -c -I../Core/Inc -I../Drivers/STM32L4xx_HAL_Driver/Inc -I../Drivers/STM32L4xx_HAL_Driver/Inc/Legacy -I../Drivers/CMSIS/Device/ST/STM32L4xx/Include -I../Drivers/CMSIS/Include -O0 -ffunction-sections -fdata-sections -Wall -fstack-usage -fcyclomatic-complexity -MMD -MP -MF"Core/Src/main.d" -MT"Core/Src/main.o" --specs=nano.specs -mfpu=fpv4-sp-d16 -mfloat-abi=hard -mthumb -o "Core/Src/main.o"
../Core/Src/lcdjorge.c: In function 'lcd_barrido':
../Core/Src/lcdjorge.c:44:19: warning: implicit declaration of function 'strlen' [-Wimplicit-function-declaration]
   44 |         int len = strlen(message);
      |                   ^~~~~~
../Core/Src/lcdjorge.c:5:1: note: include '<string.h>' or provide a declaration of 'strlen'
    4 | #include "lcdjorge.h"
  +++ |+#include <string.h>
    5 | extern I2C_HandleTypeDef hi2c1;  // change your handler here accordingly
../Core/Src/lcdjorge.c:44:19: warning: incompatible implicit declaration of built-in function 'strlen' [-Wbuiltin-declaration-mismatch]
   44 |         int len = strlen(message);
      |                   ^~~~~~
../Core/Src/lcdjorge.c:44:19: note: include '<string.h>' or provide a declaration of 'strlen'
../Core/Src/lcdjorge.c: In function 'lcd_enviar_int':
../Core/Src/lcdjorge.c:70:5: warning: implicit declaration of function 'sprintf' [-Wimplicit-function-declaration]
   70 |     sprintf(buffer, "%d", numero);
      |     ^~~~~~~
../Core/Src/lcdjorge.c:5:1: note: include '<stdio.h>' or provide a declaration of 'sprintf'
    4 | #include "lcdjorge.h"
  +++ |+#include <stdio.h>
    5 | extern I2C_HandleTypeDef hi2c1;  // change your handler here accordingly
../Core/Src/lcdjorge.c:70:5: warning: incompatible implicit declaration of built-in function 'sprintf' [-Wbuiltin-declaration-mismatch]
   70 |     sprintf(buffer, "%d", numero);
      |     ^~~~~~~
../Core/Src/lcdjorge.c:70:5: note: include '<stdio.h>' or provide a declaration of 'sprintf'
arm-none-eabi-gcc -o "asignacion_tiempos.elf" @"objects.list"   -mcpu=cortex-m4 -T"C:\Users\mecat\Documents\GitHub\STM32CubeIDE\workspace_1.14.1\asignacion_tiempos\STM32L476RGTX_FLASH.ld" --specs=nosys.specs -Wl,-Map="asignacion_tiempos.map" -Wl,--gc-sections -static --specs=nano.specs -mfpu=fpv4-sp-d16 -mfloat-abi=hard -mthumb -Wl,--start-group -lc -lm -Wl,--end-group
Finished building target: asignacion_tiempos.elf
 
arm-none-eabi-size  asignacion_tiempos.elf 
arm-none-eabi-objdump -h -S asignacion_tiempos.elf  > "asignacion_tiempos.list"
   text	   data	    bss	    dec	    hex	filename
  27592	    100	   2324	  30016	   7540	asignacion_tiempos.elf
Finished building: default.size.stdout
 
Finished building: asignacion_tiempos.list
 

20:29:45 Build Finished. 0 errors, 4 warnings. (took 1s.890ms)

