19:12:32 **** Incremental Build of configuration Debug for project botones_interrupciones ****
make -j8 all 
arm-none-eabi-gcc "../Core/Src/main.c" -mcpu=cortex-m4 -std=gnu11 -g3 -DDEBUG -DUSE_HAL_DRIVER -DSTM32F302x8 -c -I../Core/Inc -I../Drivers/STM32F3xx_HAL_Driver/Inc -I../Drivers/STM32F3xx_HAL_Driver/Inc/Legacy -I../Drivers/CMSIS/Device/ST/STM32F3xx/Include -I../Drivers/CMSIS/Include -O0 -ffunction-sections -fdata-sections -Wall -fstack-usage -fcyclomatic-complexity -MMD -MP -MF"Core/Src/main.d" -MT"Core/Src/main.o" --specs=nano.specs -mfpu=fpv4-sp-d16 -mfloat-abi=hard -mthumb -o "Core/Src/main.o"
../Core/Src/main.c: In function 'main':
../Core/Src/main.c:101:11: warning: this 'if' clause does not guard... [-Wmisleading-indentation]
  101 |           if(flag1 ==1 ) c1++; flag1=0; HAL_Delay(600);
      |           ^~
../Core/Src/main.c:101:32: note: ...this statement, but the latter is misleadingly indented as if it were guarded by the 'if'
  101 |           if(flag1 ==1 ) c1++; flag1=0; HAL_Delay(600);
      |                                ^~~~~
../Core/Src/main.c:102:11: warning: this 'if' clause does not guard... [-Wmisleading-indentation]
  102 |           if(flag2 ==1 ) c1--; flag2=0;HAL_Delay(600);
      |           ^~
../Core/Src/main.c:102:32: note: ...this statement, but the latter is misleadingly indented as if it were guarded by the 'if'
  102 |           if(flag2 ==1 ) c1--; flag2=0;HAL_Delay(600);
      |                                ^~~~~
arm-none-eabi-gcc -o "botones_interrupciones.elf" @"objects.list"   -mcpu=cortex-m4 -T"C:\Users\mecat\Documents\GitHub\STM32CubeIDE\workspace_1.14.1\botones_interrupciones\STM32F302R8TX_FLASH.ld" --specs=nosys.specs -Wl,-Map="botones_interrupciones.map" -Wl,--gc-sections -static --specs=nano.specs -mfpu=fpv4-sp-d16 -mfloat-abi=hard -mthumb -Wl,--start-group -lc -lm -Wl,--end-group
Finished building target: botones_interrupciones.elf
 
arm-none-eabi-size  botones_interrupciones.elf 
arm-none-eabi-objdump -h -S botones_interrupciones.elf  > "botones_interrupciones.list"
   text	   data	    bss	    dec	    hex	filename
  10612	     20	   1716	  12348	   303c	botones_interrupciones.elf
Finished building: default.size.stdout
 
Finished building: botones_interrupciones.list
 

19:12:33 Build Finished. 0 errors, 2 warnings. (took 865ms)

