17:30:50 **** Incremental Build of configuration Debug for project Carines ****
make -j8 all 
arm-none-eabi-gcc "../Core/Src/main.c" -mcpu=cortex-m4 -std=gnu11 -g3 -DDEBUG -DUSE_HAL_DRIVER -DSTM32F302x8 -c -I../Core/Inc -I../Drivers/STM32F3xx_HAL_Driver/Inc -I../Drivers/STM32F3xx_HAL_Driver/Inc/Legacy -I../Drivers/CMSIS/Device/ST/STM32F3xx/Include -I../Drivers/CMSIS/Include -O0 -ffunction-sections -fdata-sections -Wall -fstack-usage -fcyclomatic-complexity -MMD -MP -MF"Core/Src/main.d" -MT"Core/Src/main.o" --specs=nano.specs -mfpu=fpv4-sp-d16 -mfloat-abi=hard -mthumb -o "Core/Src/main.o"
arm-none-eabi-gcc -o "Carines.elf" @"objects.list"   -mcpu=cortex-m4 -T"C:\Users\mecat\Documents\GitHub\STM32CubeIDE\workspace_1.14.1\Carines\STM32F302R8TX_FLASH.ld" --specs=nosys.specs -Wl,-Map="Carines.map" -Wl,--gc-sections -static --specs=nano.specs -mfpu=fpv4-sp-d16 -mfloat-abi=hard -mthumb -Wl,--start-group -lc -lm -Wl,--end-group
Finished building target: Carines.elf
 
arm-none-eabi-size  Carines.elf 
arm-none-eabi-objdump -h -S Carines.elf  > "Carines.list"
   text	   data	    bss	    dec	    hex	filename
  27424	   1116	   2540	  31080	   7968	Carines.elf
Finished building: default.size.stdout
 
Finished building: Carines.list
 

17:30:51 Build Finished. 0 errors, 0 warnings. (took 973ms)

