22:08:38 **** Incremental Build of configuration Debug for project freertos_jorge ****
make -j8 all 
arm-none-eabi-gcc "../Core/Src/main.c" -mcpu=cortex-m4 -std=gnu11 -g3 -DDEBUG -DUSE_HAL_DRIVER -DSTM32L476xx -c -I../Core/Inc -I../Drivers/STM32L4xx_HAL_Driver/Inc -I../Drivers/STM32L4xx_HAL_Driver/Inc/Legacy -I../Drivers/CMSIS/Device/ST/STM32L4xx/Include -I../Drivers/CMSIS/Include -I../Middlewares/Third_Party/FreeRTOS/Source/include -I../Middlewares/Third_Party/FreeRTOS/Source/CMSIS_RTOS -I../Middlewares/Third_Party/FreeRTOS/Source/portable/GCC/ARM_CM4F -O0 -ffunction-sections -fdata-sections -Wall -fstack-usage -fcyclomatic-complexity -MMD -MP -MF"Core/Src/main.d" -MT"Core/Src/main.o" --specs=nano.specs -mfpu=fpv4-sp-d16 -mfloat-abi=hard -mthumb -o "Core/Src/main.o"
arm-none-eabi-gcc -o "freertos_jorge.elf" @"objects.list"   -mcpu=cortex-m4 -T"C:\Users\mecat\Documents\GitHub\STM32CubeIDE\workspace_1.14.1\freertos_jorge\STM32L476RGTX_FLASH.ld" --specs=nosys.specs -Wl,-Map="freertos_jorge.map" -Wl,--gc-sections -static --specs=nano.specs -mfpu=fpv4-sp-d16 -mfloat-abi=hard -mthumb -Wl,--start-group -lc -lm -Wl,--end-group
Finished building target: freertos_jorge.elf
 
arm-none-eabi-size  freertos_jorge.elf 
arm-none-eabi-objdump -h -S freertos_jorge.elf  > "freertos_jorge.list"
   text	   data	    bss	    dec	    hex	filename
  29056	    104	   6312	  35472	   8a90	freertos_jorge.elf
Finished building: default.size.stdout
 
Finished building: freertos_jorge.list
 

22:08:40 Build Finished. 0 errors, 0 warnings. (took 1s.341ms)

