22:50:38 **** Incremental Build of configuration Debug for project proyectoFinal_escarlina ****
make -j8 all 
arm-none-eabi-gcc "../Core/Src/main.c" -mcpu=cortex-m4 -std=gnu11 -g3 -DDEBUG -DUSE_HAL_DRIVER -DSTM32F302x8 -c -I../Core/Inc -I../Drivers/STM32F3xx_HAL_Driver/Inc -I../Drivers/STM32F3xx_HAL_Driver/Inc/Legacy -I../Drivers/CMSIS/Device/ST/STM32F3xx/Include -I../Drivers/CMSIS/Include -O0 -ffunction-sections -fdata-sections -Wall -fstack-usage -fcyclomatic-complexity -MMD -MP -MF"Core/Src/main.d" -MT"Core/Src/main.o" --specs=nano.specs -mfpu=fpv4-sp-d16 -mfloat-abi=hard -mthumb -o "Core/Src/main.o"
../Core/Src/main.c: In function 'main':
../Core/Src/main.c:222:37: warning: passing argument 1 of 'mostrar_pieza' discards 'const' qualifier from pointer target type [-Wdiscarded-qualifiers]
  222 |                       mostrar_pieza(selected_piece, start_row);
      |                                     ^~~~~~~~~~~~~~
../Core/Src/main.c:150:30: note: expected 'uint8_t *' {aka 'unsigned char *'} but argument is of type 'const uint8_t *' {aka 'const unsigned char *'}
  150 |  void mostrar_pieza( uint8_t piece[8], int start_row) {
      |                      ~~~~~~~~^~~~~~~~
arm-none-eabi-gcc -o "proyectoFinal_escarlina.elf" @"objects.list"   -mcpu=cortex-m4 -T"C:\Users\mecat\Documents\GitHub\STM32CubeIDE\workspace_1.14.1\proyectoFinal_escarlina\STM32F302R8TX_FLASH.ld" --specs=nosys.specs -Wl,-Map="proyectoFinal_escarlina.map" -Wl,--gc-sections -static --specs=nano.specs -mfpu=fpv4-sp-d16 -mfloat-abi=hard -mthumb -Wl,--start-group -lc -lm -Wl,--end-group
C:/ST/STM32CubeIDE_1.14.1/STM32CubeIDE/plugins/com.st.stm32cube.ide.mcu.externaltools.gnu-tools-for-stm32.11.3.rel1.win32_1.1.100.202309141235/tools/bin/../lib/gcc/arm-none-eabi/11.3.1/../../../../arm-none-eabi/bin/ld.exe: C:/ST/STM32CubeIDE_1.14.1/STM32CubeIDE/plugins/com.st.stm32cube.ide.mcu.externaltools.gnu-tools-for-stm32.11.3.rel1.win32_1.1.100.202309141235/tools/bin/../lib/gcc/arm-none-eabi/11.3.1/../../../../arm-none-eabi/lib/thumb/v7e-m+fp/hard\libc_nano.a(libc_a-gettimeofdayr.o): in function `_gettimeofday_r':
(.text._gettimeofday_r+0xe): warning: _gettimeofday is not implemented and will always fail
Finished building target: proyectoFinal_escarlina.elf
 
arm-none-eabi-size  proyectoFinal_escarlina.elf 
arm-none-eabi-objdump -h -S proyectoFinal_escarlina.elf  > "proyectoFinal_escarlina.list"
   text	   data	    bss	    dec	    hex	filename
  16396	   1184	   2272	  19852	   4d8c	proyectoFinal_escarlina.elf
Finished building: default.size.stdout
 
Finished building: proyectoFinal_escarlina.list
 
22:50:42 **** Incremental Build of configuration Debug for project proyectoFinal_escarlina ****
make -j8 all 
arm-none-eabi-size  proyectoFinal_escarlina.elf 
   text	   data	    bss	    dec	    hex	filename
  16396	   1184	   2272	  19852	   4d8c	proyectoFinal_escarlina.elf
Finished building: default.size.stdout
 
22:52:04 **** Incremental Build of configuration Debug for project proyectoFinal_escarlina ****
make -j8 all 
arm-none-eabi-gcc "../Core/Src/main.c" -mcpu=cortex-m4 -std=gnu11 -g3 -DDEBUG -DUSE_HAL_DRIVER -DSTM32F302x8 -c -I../Core/Inc -I../Drivers/STM32F3xx_HAL_Driver/Inc -I../Drivers/STM32F3xx_HAL_Driver/Inc/Legacy -I../Drivers/CMSIS/Device/ST/STM32F3xx/Include -I../Drivers/CMSIS/Include -O0 -ffunction-sections -fdata-sections -Wall -fstack-usage -fcyclomatic-complexity -MMD -MP -MF"Core/Src/main.d" -MT"Core/Src/main.o" --specs=nano.specs -mfpu=fpv4-sp-d16 -mfloat-abi=hard -mthumb -o "Core/Src/main.o"
../Core/Src/main.c: In function 'main':
../Core/Src/main.c:221:37: warning: passing argument 1 of 'mostrar_pieza' discards 'const' qualifier from pointer target type [-Wdiscarded-qualifiers]
  221 |                       mostrar_pieza(selected_piece, start_row);
      |                                     ^~~~~~~~~~~~~~
../Core/Src/main.c:150:30: note: expected 'uint8_t *' {aka 'unsigned char *'} but argument is of type 'const uint8_t *' {aka 'const unsigned char *'}
  150 |  void mostrar_pieza( uint8_t piece[8], int start_row) {
      |                      ~~~~~~~~^~~~~~~~
arm-none-eabi-gcc -o "proyectoFinal_escarlina.elf" @"objects.list"   -mcpu=cortex-m4 -T"C:\Users\mecat\Documents\GitHub\STM32CubeIDE\workspace_1.14.1\proyectoFinal_escarlina\STM32F302R8TX_FLASH.ld" --specs=nosys.specs -Wl,-Map="proyectoFinal_escarlina.map" -Wl,--gc-sections -static --specs=nano.specs -mfpu=fpv4-sp-d16 -mfloat-abi=hard -mthumb -Wl,--start-group -lc -lm -Wl,--end-group
C:/ST/STM32CubeIDE_1.14.1/STM32CubeIDE/plugins/com.st.stm32cube.ide.mcu.externaltools.gnu-tools-for-stm32.11.3.rel1.win32_1.1.100.202309141235/tools/bin/../lib/gcc/arm-none-eabi/11.3.1/../../../../arm-none-eabi/bin/ld.exe: C:/ST/STM32CubeIDE_1.14.1/STM32CubeIDE/plugins/com.st.stm32cube.ide.mcu.externaltools.gnu-tools-for-stm32.11.3.rel1.win32_1.1.100.202309141235/tools/bin/../lib/gcc/arm-none-eabi/11.3.1/../../../../arm-none-eabi/lib/thumb/v7e-m+fp/hard\libc_nano.a(libc_a-gettimeofdayr.o): in function `_gettimeofday_r':
(.text._gettimeofday_r+0xe): warning: _gettimeofday is not implemented and will always fail
Finished building target: proyectoFinal_escarlina.elf
 
arm-none-eabi-size  proyectoFinal_escarlina.elf 
arm-none-eabi-objdump -h -S proyectoFinal_escarlina.elf  > "proyectoFinal_escarlina.list"
   text	   data	    bss	    dec	    hex	filename
  16420	   1184	   2272	  19876	   4da4	proyectoFinal_escarlina.elf
Finished building: default.size.stdout
 
Finished building: proyectoFinal_escarlina.list
 
22:53:39 **** Incremental Build of configuration Debug for project proyectoFinal_escarlina ****
make -j8 all 
arm-none-eabi-gcc "../Core/Src/main.c" -mcpu=cortex-m4 -std=gnu11 -g3 -DDEBUG -DUSE_HAL_DRIVER -DSTM32F302x8 -c -I../Core/Inc -I../Drivers/STM32F3xx_HAL_Driver/Inc -I../Drivers/STM32F3xx_HAL_Driver/Inc/Legacy -I../Drivers/CMSIS/Device/ST/STM32F3xx/Include -I../Drivers/CMSIS/Include -O0 -ffunction-sections -fdata-sections -Wall -fstack-usage -fcyclomatic-complexity -MMD -MP -MF"Core/Src/main.d" -MT"Core/Src/main.o" --specs=nano.specs -mfpu=fpv4-sp-d16 -mfloat-abi=hard -mthumb -o "Core/Src/main.o"
../Core/Src/main.c: In function 'main':
../Core/Src/main.c:219:37: warning: passing argument 1 of 'mostrar_pieza' discards 'const' qualifier from pointer target type [-Wdiscarded-qualifiers]
  219 |                       mostrar_pieza(selected_piece, start_row);
      |                                     ^~~~~~~~~~~~~~
../Core/Src/main.c:150:30: note: expected 'uint8_t *' {aka 'unsigned char *'} but argument is of type 'const uint8_t *' {aka 'const unsigned char *'}
  150 |  void mostrar_pieza( uint8_t piece[8], int start_row) {
      |                      ~~~~~~~~^~~~~~~~
arm-none-eabi-gcc -o "proyectoFinal_escarlina.elf" @"objects.list"   -mcpu=cortex-m4 -T"C:\Users\mecat\Documents\GitHub\STM32CubeIDE\workspace_1.14.1\proyectoFinal_escarlina\STM32F302R8TX_FLASH.ld" --specs=nosys.specs -Wl,-Map="proyectoFinal_escarlina.map" -Wl,--gc-sections -static --specs=nano.specs -mfpu=fpv4-sp-d16 -mfloat-abi=hard -mthumb -Wl,--start-group -lc -lm -Wl,--end-group
C:/ST/STM32CubeIDE_1.14.1/STM32CubeIDE/plugins/com.st.stm32cube.ide.mcu.externaltools.gnu-tools-for-stm32.11.3.rel1.win32_1.1.100.202309141235/tools/bin/../lib/gcc/arm-none-eabi/11.3.1/../../../../arm-none-eabi/bin/ld.exe: C:/ST/STM32CubeIDE_1.14.1/STM32CubeIDE/plugins/com.st.stm32cube.ide.mcu.externaltools.gnu-tools-for-stm32.11.3.rel1.win32_1.1.100.202309141235/tools/bin/../lib/gcc/arm-none-eabi/11.3.1/../../../../arm-none-eabi/lib/thumb/v7e-m+fp/hard\libc_nano.a(libc_a-gettimeofdayr.o): in function `_gettimeofday_r':
(.text._gettimeofday_r+0xe): warning: _gettimeofday is not implemented and will always fail
Finished building target: proyectoFinal_escarlina.elf
 
arm-none-eabi-size  proyectoFinal_escarlina.elf 
arm-none-eabi-objdump -h -S proyectoFinal_escarlina.elf  > "proyectoFinal_escarlina.list"
   text	   data	    bss	    dec	    hex	filename
  16420	   1184	   2272	  19876	   4da4	proyectoFinal_escarlina.elf
Finished building: default.size.stdout
 
Finished building: proyectoFinal_escarlina.list
 
22:55:26 **** Incremental Build of configuration Debug for project proyectoFinal_escarlina ****
make -j8 all 
arm-none-eabi-gcc "../Core/Src/main.c" -mcpu=cortex-m4 -std=gnu11 -g3 -DDEBUG -DUSE_HAL_DRIVER -DSTM32F302x8 -c -I../Core/Inc -I../Drivers/STM32F3xx_HAL_Driver/Inc -I../Drivers/STM32F3xx_HAL_Driver/Inc/Legacy -I../Drivers/CMSIS/Device/ST/STM32F3xx/Include -I../Drivers/CMSIS/Include -O0 -ffunction-sections -fdata-sections -Wall -fstack-usage -fcyclomatic-complexity -MMD -MP -MF"Core/Src/main.d" -MT"Core/Src/main.o" --specs=nano.specs -mfpu=fpv4-sp-d16 -mfloat-abi=hard -mthumb -o "Core/Src/main.o"
../Core/Src/main.c: In function 'main':
../Core/Src/main.c:220:37: warning: passing argument 1 of 'mostrar_pieza' discards 'const' qualifier from pointer target type [-Wdiscarded-qualifiers]
  220 |                       mostrar_pieza(selected_piece, start_row);
      |                                     ^~~~~~~~~~~~~~
../Core/Src/main.c:150:30: note: expected 'uint8_t *' {aka 'unsigned char *'} but argument is of type 'const uint8_t *' {aka 'const unsigned char *'}
  150 |  void mostrar_pieza( uint8_t piece[8], int start_row) {
      |                      ~~~~~~~~^~~~~~~~
arm-none-eabi-gcc -o "proyectoFinal_escarlina.elf" @"objects.list"   -mcpu=cortex-m4 -T"C:\Users\mecat\Documents\GitHub\STM32CubeIDE\workspace_1.14.1\proyectoFinal_escarlina\STM32F302R8TX_FLASH.ld" --specs=nosys.specs -Wl,-Map="proyectoFinal_escarlina.map" -Wl,--gc-sections -static --specs=nano.specs -mfpu=fpv4-sp-d16 -mfloat-abi=hard -mthumb -Wl,--start-group -lc -lm -Wl,--end-group
C:/ST/STM32CubeIDE_1.14.1/STM32CubeIDE/plugins/com.st.stm32cube.ide.mcu.externaltools.gnu-tools-for-stm32.11.3.rel1.win32_1.1.100.202309141235/tools/bin/../lib/gcc/arm-none-eabi/11.3.1/../../../../arm-none-eabi/bin/ld.exe: C:/ST/STM32CubeIDE_1.14.1/STM32CubeIDE/plugins/com.st.stm32cube.ide.mcu.externaltools.gnu-tools-for-stm32.11.3.rel1.win32_1.1.100.202309141235/tools/bin/../lib/gcc/arm-none-eabi/11.3.1/../../../../arm-none-eabi/lib/thumb/v7e-m+fp/hard\libc_nano.a(libc_a-gettimeofdayr.o): in function `_gettimeofday_r':
(.text._gettimeofday_r+0xe): warning: _gettimeofday is not implemented and will always fail
Finished building target: proyectoFinal_escarlina.elf
 
arm-none-eabi-size  proyectoFinal_escarlina.elf 
arm-none-eabi-objdump -h -S proyectoFinal_escarlina.elf  > "proyectoFinal_escarlina.list"
   text	   data	    bss	    dec	    hex	filename
  16456	   1184	   2272	  19912	   4dc8	proyectoFinal_escarlina.elf
Finished building: default.size.stdout
 
Finished building: proyectoFinal_escarlina.list
 
22:56:19 **** Incremental Build of configuration Debug for project proyectoFinal_escarlina ****
make -j8 all 
arm-none-eabi-gcc "../Core/Src/main.c" -mcpu=cortex-m4 -std=gnu11 -g3 -DDEBUG -DUSE_HAL_DRIVER -DSTM32F302x8 -c -I../Core/Inc -I../Drivers/STM32F3xx_HAL_Driver/Inc -I../Drivers/STM32F3xx_HAL_Driver/Inc/Legacy -I../Drivers/CMSIS/Device/ST/STM32F3xx/Include -I../Drivers/CMSIS/Include -O0 -ffunction-sections -fdata-sections -Wall -fstack-usage -fcyclomatic-complexity -MMD -MP -MF"Core/Src/main.d" -MT"Core/Src/main.o" --specs=nano.specs -mfpu=fpv4-sp-d16 -mfloat-abi=hard -mthumb -o "Core/Src/main.o"
../Core/Src/main.c: In function 'main':
../Core/Src/main.c:221:37: warning: passing argument 1 of 'mostrar_pieza' discards 'const' qualifier from pointer target type [-Wdiscarded-qualifiers]
  221 |                       mostrar_pieza(selected_piece, start_row);
      |                                     ^~~~~~~~~~~~~~
../Core/Src/main.c:150:30: note: expected 'uint8_t *' {aka 'unsigned char *'} but argument is of type 'const uint8_t *' {aka 'const unsigned char *'}
  150 |  void mostrar_pieza( uint8_t piece[8], int start_row) {
      |                      ~~~~~~~~^~~~~~~~
arm-none-eabi-gcc -o "proyectoFinal_escarlina.elf" @"objects.list"   -mcpu=cortex-m4 -T"C:\Users\mecat\Documents\GitHub\STM32CubeIDE\workspace_1.14.1\proyectoFinal_escarlina\STM32F302R8TX_FLASH.ld" --specs=nosys.specs -Wl,-Map="proyectoFinal_escarlina.map" -Wl,--gc-sections -static --specs=nano.specs -mfpu=fpv4-sp-d16 -mfloat-abi=hard -mthumb -Wl,--start-group -lc -lm -Wl,--end-group
C:/ST/STM32CubeIDE_1.14.1/STM32CubeIDE/plugins/com.st.stm32cube.ide.mcu.externaltools.gnu-tools-for-stm32.11.3.rel1.win32_1.1.100.202309141235/tools/bin/../lib/gcc/arm-none-eabi/11.3.1/../../../../arm-none-eabi/bin/ld.exe: C:/ST/STM32CubeIDE_1.14.1/STM32CubeIDE/plugins/com.st.stm32cube.ide.mcu.externaltools.gnu-tools-for-stm32.11.3.rel1.win32_1.1.100.202309141235/tools/bin/../lib/gcc/arm-none-eabi/11.3.1/../../../../arm-none-eabi/lib/thumb/v7e-m+fp/hard\libc_nano.a(libc_a-gettimeofdayr.o): in function `_gettimeofday_r':
(.text._gettimeofday_r+0xe): warning: _gettimeofday is not implemented and will always fail
Finished building target: proyectoFinal_escarlina.elf
 
arm-none-eabi-size  proyectoFinal_escarlina.elf 
arm-none-eabi-objdump -h -S proyectoFinal_escarlina.elf  > "proyectoFinal_escarlina.list"
   text	   data	    bss	    dec	    hex	filename
  16424	   1184	   2272	  19880	   4da8	proyectoFinal_escarlina.elf
Finished building: default.size.stdout
 
Finished building: proyectoFinal_escarlina.list
 
22:57:27 **** Incremental Build of configuration Debug for project proyectoFinal_escarlina ****
make -j8 all 
arm-none-eabi-gcc "../Core/Src/main.c" -mcpu=cortex-m4 -std=gnu11 -g3 -DDEBUG -DUSE_HAL_DRIVER -DSTM32F302x8 -c -I../Core/Inc -I../Drivers/STM32F3xx_HAL_Driver/Inc -I../Drivers/STM32F3xx_HAL_Driver/Inc/Legacy -I../Drivers/CMSIS/Device/ST/STM32F3xx/Include -I../Drivers/CMSIS/Include -O0 -ffunction-sections -fdata-sections -Wall -fstack-usage -fcyclomatic-complexity -MMD -MP -MF"Core/Src/main.d" -MT"Core/Src/main.o" --specs=nano.specs -mfpu=fpv4-sp-d16 -mfloat-abi=hard -mthumb -o "Core/Src/main.o"
../Core/Src/main.c: In function 'main':
../Core/Src/main.c:222:37: warning: passing argument 1 of 'mostrar_pieza' discards 'const' qualifier from pointer target type [-Wdiscarded-qualifiers]
  222 |                       mostrar_pieza(selected_piece, start_row);
      |                                     ^~~~~~~~~~~~~~
../Core/Src/main.c:150:30: note: expected 'uint8_t *' {aka 'unsigned char *'} but argument is of type 'const uint8_t *' {aka 'const unsigned char *'}
  150 |  void mostrar_pieza( uint8_t piece[8], int start_row) {
      |                      ~~~~~~~~^~~~~~~~
arm-none-eabi-gcc -o "proyectoFinal_escarlina.elf" @"objects.list"   -mcpu=cortex-m4 -T"C:\Users\mecat\Documents\GitHub\STM32CubeIDE\workspace_1.14.1\proyectoFinal_escarlina\STM32F302R8TX_FLASH.ld" --specs=nosys.specs -Wl,-Map="proyectoFinal_escarlina.map" -Wl,--gc-sections -static --specs=nano.specs -mfpu=fpv4-sp-d16 -mfloat-abi=hard -mthumb -Wl,--start-group -lc -lm -Wl,--end-group
C:/ST/STM32CubeIDE_1.14.1/STM32CubeIDE/plugins/com.st.stm32cube.ide.mcu.externaltools.gnu-tools-for-stm32.11.3.rel1.win32_1.1.100.202309141235/tools/bin/../lib/gcc/arm-none-eabi/11.3.1/../../../../arm-none-eabi/bin/ld.exe: C:/ST/STM32CubeIDE_1.14.1/STM32CubeIDE/plugins/com.st.stm32cube.ide.mcu.externaltools.gnu-tools-for-stm32.11.3.rel1.win32_1.1.100.202309141235/tools/bin/../lib/gcc/arm-none-eabi/11.3.1/../../../../arm-none-eabi/lib/thumb/v7e-m+fp/hard\libc_nano.a(libc_a-gettimeofdayr.o): in function `_gettimeofday_r':
(.text._gettimeofday_r+0xe): warning: _gettimeofday is not implemented and will always fail
Finished building target: proyectoFinal_escarlina.elf
 
arm-none-eabi-size  proyectoFinal_escarlina.elf 
arm-none-eabi-objdump -h -S proyectoFinal_escarlina.elf  > "proyectoFinal_escarlina.list"
   text	   data	    bss	    dec	    hex	filename
  16444	   1184	   2272	  19900	   4dbc	proyectoFinal_escarlina.elf
Finished building: default.size.stdout
 
Finished building: proyectoFinal_escarlina.list
 
22:58:21 **** Incremental Build of configuration Debug for project proyectoFinal_escarlina ****
make -j8 all 
arm-none-eabi-gcc "../Core/Src/main.c" -mcpu=cortex-m4 -std=gnu11 -g3 -DDEBUG -DUSE_HAL_DRIVER -DSTM32F302x8 -c -I../Core/Inc -I../Drivers/STM32F3xx_HAL_Driver/Inc -I../Drivers/STM32F3xx_HAL_Driver/Inc/Legacy -I../Drivers/CMSIS/Device/ST/STM32F3xx/Include -I../Drivers/CMSIS/Include -O0 -ffunction-sections -fdata-sections -Wall -fstack-usage -fcyclomatic-complexity -MMD -MP -MF"Core/Src/main.d" -MT"Core/Src/main.o" --specs=nano.specs -mfpu=fpv4-sp-d16 -mfloat-abi=hard -mthumb -o "Core/Src/main.o"
../Core/Src/main.c: In function 'main':
../Core/Src/main.c:223:37: warning: passing argument 1 of 'mostrar_pieza' discards 'const' qualifier from pointer target type [-Wdiscarded-qualifiers]
  223 |                       mostrar_pieza(selected_piece, start_row);
      |                                     ^~~~~~~~~~~~~~
../Core/Src/main.c:150:30: note: expected 'uint8_t *' {aka 'unsigned char *'} but argument is of type 'const uint8_t *' {aka 'const unsigned char *'}
  150 |  void mostrar_pieza( uint8_t piece[8], int start_row) {
      |                      ~~~~~~~~^~~~~~~~
arm-none-eabi-gcc -o "proyectoFinal_escarlina.elf" @"objects.list"   -mcpu=cortex-m4 -T"C:\Users\mecat\Documents\GitHub\STM32CubeIDE\workspace_1.14.1\proyectoFinal_escarlina\STM32F302R8TX_FLASH.ld" --specs=nosys.specs -Wl,-Map="proyectoFinal_escarlina.map" -Wl,--gc-sections -static --specs=nano.specs -mfpu=fpv4-sp-d16 -mfloat-abi=hard -mthumb -Wl,--start-group -lc -lm -Wl,--end-group
C:/ST/STM32CubeIDE_1.14.1/STM32CubeIDE/plugins/com.st.stm32cube.ide.mcu.externaltools.gnu-tools-for-stm32.11.3.rel1.win32_1.1.100.202309141235/tools/bin/../lib/gcc/arm-none-eabi/11.3.1/../../../../arm-none-eabi/bin/ld.exe: C:/ST/STM32CubeIDE_1.14.1/STM32CubeIDE/plugins/com.st.stm32cube.ide.mcu.externaltools.gnu-tools-for-stm32.11.3.rel1.win32_1.1.100.202309141235/tools/bin/../lib/gcc/arm-none-eabi/11.3.1/../../../../arm-none-eabi/lib/thumb/v7e-m+fp/hard\libc_nano.a(libc_a-gettimeofdayr.o): in function `_gettimeofday_r':
(.text._gettimeofday_r+0xe): warning: _gettimeofday is not implemented and will always fail
Finished building target: proyectoFinal_escarlina.elf
 
arm-none-eabi-size  proyectoFinal_escarlina.elf 
arm-none-eabi-objdump -h -S proyectoFinal_escarlina.elf  > "proyectoFinal_escarlina.list"
   text	   data	    bss	    dec	    hex	filename
  16448	   1184	   2272	  19904	   4dc0	proyectoFinal_escarlina.elf
Finished building: default.size.stdout
 
Finished building: proyectoFinal_escarlina.list
 
22:58:45 **** Incremental Build of configuration Debug for project proyectoFinal_escarlina ****
make -j8 all 
arm-none-eabi-gcc "../Core/Src/main.c" -mcpu=cortex-m4 -std=gnu11 -g3 -DDEBUG -DUSE_HAL_DRIVER -DSTM32F302x8 -c -I../Core/Inc -I../Drivers/STM32F3xx_HAL_Driver/Inc -I../Drivers/STM32F3xx_HAL_Driver/Inc/Legacy -I../Drivers/CMSIS/Device/ST/STM32F3xx/Include -I../Drivers/CMSIS/Include -O0 -ffunction-sections -fdata-sections -Wall -fstack-usage -fcyclomatic-complexity -MMD -MP -MF"Core/Src/main.d" -MT"Core/Src/main.o" --specs=nano.specs -mfpu=fpv4-sp-d16 -mfloat-abi=hard -mthumb -o "Core/Src/main.o"
../Core/Src/main.c: In function 'main':
../Core/Src/main.c:221:37: warning: passing argument 1 of 'mostrar_pieza' discards 'const' qualifier from pointer target type [-Wdiscarded-qualifiers]
  221 |                       mostrar_pieza(selected_piece, start_row);
      |                                     ^~~~~~~~~~~~~~
../Core/Src/main.c:150:30: note: expected 'uint8_t *' {aka 'unsigned char *'} but argument is of type 'const uint8_t *' {aka 'const unsigned char *'}
  150 |  void mostrar_pieza( uint8_t piece[8], int start_row) {
      |                      ~~~~~~~~^~~~~~~~
arm-none-eabi-gcc -o "proyectoFinal_escarlina.elf" @"objects.list"   -mcpu=cortex-m4 -T"C:\Users\mecat\Documents\GitHub\STM32CubeIDE\workspace_1.14.1\proyectoFinal_escarlina\STM32F302R8TX_FLASH.ld" --specs=nosys.specs -Wl,-Map="proyectoFinal_escarlina.map" -Wl,--gc-sections -static --specs=nano.specs -mfpu=fpv4-sp-d16 -mfloat-abi=hard -mthumb -Wl,--start-group -lc -lm -Wl,--end-group
C:/ST/STM32CubeIDE_1.14.1/STM32CubeIDE/plugins/com.st.stm32cube.ide.mcu.externaltools.gnu-tools-for-stm32.11.3.rel1.win32_1.1.100.202309141235/tools/bin/../lib/gcc/arm-none-eabi/11.3.1/../../../../arm-none-eabi/bin/ld.exe: C:/ST/STM32CubeIDE_1.14.1/STM32CubeIDE/plugins/com.st.stm32cube.ide.mcu.externaltools.gnu-tools-for-stm32.11.3.rel1.win32_1.1.100.202309141235/tools/bin/../lib/gcc/arm-none-eabi/11.3.1/../../../../arm-none-eabi/lib/thumb/v7e-m+fp/hard\libc_nano.a(libc_a-gettimeofdayr.o): in function `_gettimeofday_r':
(.text._gettimeofday_r+0xe): warning: _gettimeofday is not implemented and will always fail
Finished building target: proyectoFinal_escarlina.elf
 
arm-none-eabi-size  proyectoFinal_escarlina.elf 
arm-none-eabi-objdump -h -S proyectoFinal_escarlina.elf  > "proyectoFinal_escarlina.list"
   text	   data	    bss	    dec	    hex	filename
  16424	   1184	   2272	  19880	   4da8	proyectoFinal_escarlina.elf
Finished building: default.size.stdout
 
Finished building: proyectoFinal_escarlina.list
 
22:59:17 **** Incremental Build of configuration Debug for project proyectoFinal_escarlina ****
make -j8 all 
arm-none-eabi-gcc "../Core/Src/main.c" -mcpu=cortex-m4 -std=gnu11 -g3 -DDEBUG -DUSE_HAL_DRIVER -DSTM32F302x8 -c -I../Core/Inc -I../Drivers/STM32F3xx_HAL_Driver/Inc -I../Drivers/STM32F3xx_HAL_Driver/Inc/Legacy -I../Drivers/CMSIS/Device/ST/STM32F3xx/Include -I../Drivers/CMSIS/Include -O0 -ffunction-sections -fdata-sections -Wall -fstack-usage -fcyclomatic-complexity -MMD -MP -MF"Core/Src/main.d" -MT"Core/Src/main.o" --specs=nano.specs -mfpu=fpv4-sp-d16 -mfloat-abi=hard -mthumb -o "Core/Src/main.o"
../Core/Src/main.c: In function 'main':
../Core/Src/main.c:220:37: warning: passing argument 1 of 'mostrar_pieza' discards 'const' qualifier from pointer target type [-Wdiscarded-qualifiers]
  220 |                       mostrar_pieza(selected_piece, start_row);
      |                                     ^~~~~~~~~~~~~~
../Core/Src/main.c:150:30: note: expected 'uint8_t *' {aka 'unsigned char *'} but argument is of type 'const uint8_t *' {aka 'const unsigned char *'}
  150 |  void mostrar_pieza( uint8_t piece[8], int start_row) {
      |                      ~~~~~~~~^~~~~~~~
arm-none-eabi-gcc -o "proyectoFinal_escarlina.elf" @"objects.list"   -mcpu=cortex-m4 -T"C:\Users\mecat\Documents\GitHub\STM32CubeIDE\workspace_1.14.1\proyectoFinal_escarlina\STM32F302R8TX_FLASH.ld" --specs=nosys.specs -Wl,-Map="proyectoFinal_escarlina.map" -Wl,--gc-sections -static --specs=nano.specs -mfpu=fpv4-sp-d16 -mfloat-abi=hard -mthumb -Wl,--start-group -lc -lm -Wl,--end-group
C:/ST/STM32CubeIDE_1.14.1/STM32CubeIDE/plugins/com.st.stm32cube.ide.mcu.externaltools.gnu-tools-for-stm32.11.3.rel1.win32_1.1.100.202309141235/tools/bin/../lib/gcc/arm-none-eabi/11.3.1/../../../../arm-none-eabi/bin/ld.exe: C:/ST/STM32CubeIDE_1.14.1/STM32CubeIDE/plugins/com.st.stm32cube.ide.mcu.externaltools.gnu-tools-for-stm32.11.3.rel1.win32_1.1.100.202309141235/tools/bin/../lib/gcc/arm-none-eabi/11.3.1/../../../../arm-none-eabi/lib/thumb/v7e-m+fp/hard\libc_nano.a(libc_a-gettimeofdayr.o): in function `_gettimeofday_r':
(.text._gettimeofday_r+0xe): warning: _gettimeofday is not implemented and will always fail
Finished building target: proyectoFinal_escarlina.elf
 
arm-none-eabi-size  proyectoFinal_escarlina.elf 
arm-none-eabi-objdump -h -S proyectoFinal_escarlina.elf  > "proyectoFinal_escarlina.list"
   text	   data	    bss	    dec	    hex	filename
  16468	   1184	   2272	  19924	   4dd4	proyectoFinal_escarlina.elf
Finished building: default.size.stdout
 
Finished building: proyectoFinal_escarlina.list
 
23:00:02 **** Incremental Build of configuration Debug for project proyectoFinal_escarlina ****
make -j8 all 
arm-none-eabi-gcc "../Core/Src/main.c" -mcpu=cortex-m4 -std=gnu11 -g3 -DDEBUG -DUSE_HAL_DRIVER -DSTM32F302x8 -c -I../Core/Inc -I../Drivers/STM32F3xx_HAL_Driver/Inc -I../Drivers/STM32F3xx_HAL_Driver/Inc/Legacy -I../Drivers/CMSIS/Device/ST/STM32F3xx/Include -I../Drivers/CMSIS/Include -O0 -ffunction-sections -fdata-sections -Wall -fstack-usage -fcyclomatic-complexity -MMD -MP -MF"Core/Src/main.d" -MT"Core/Src/main.o" --specs=nano.specs -mfpu=fpv4-sp-d16 -mfloat-abi=hard -mthumb -o "Core/Src/main.o"
../Core/Src/main.c: In function 'main':
../Core/Src/main.c:228:37: warning: passing argument 1 of 'mostrar_pieza' discards 'const' qualifier from pointer target type [-Wdiscarded-qualifiers]
  228 |                       mostrar_pieza(selected_piece, start_row);
      |                                     ^~~~~~~~~~~~~~
../Core/Src/main.c:150:30: note: expected 'uint8_t *' {aka 'unsigned char *'} but argument is of type 'const uint8_t *' {aka 'const unsigned char *'}
  150 |  void mostrar_pieza( uint8_t piece[8], int start_row) {
      |                      ~~~~~~~~^~~~~~~~
arm-none-eabi-gcc -o "proyectoFinal_escarlina.elf" @"objects.list"   -mcpu=cortex-m4 -T"C:\Users\mecat\Documents\GitHub\STM32CubeIDE\workspace_1.14.1\proyectoFinal_escarlina\STM32F302R8TX_FLASH.ld" --specs=nosys.specs -Wl,-Map="proyectoFinal_escarlina.map" -Wl,--gc-sections -static --specs=nano.specs -mfpu=fpv4-sp-d16 -mfloat-abi=hard -mthumb -Wl,--start-group -lc -lm -Wl,--end-group
C:/ST/STM32CubeIDE_1.14.1/STM32CubeIDE/plugins/com.st.stm32cube.ide.mcu.externaltools.gnu-tools-for-stm32.11.3.rel1.win32_1.1.100.202309141235/tools/bin/../lib/gcc/arm-none-eabi/11.3.1/../../../../arm-none-eabi/bin/ld.exe: C:/ST/STM32CubeIDE_1.14.1/STM32CubeIDE/plugins/com.st.stm32cube.ide.mcu.externaltools.gnu-tools-for-stm32.11.3.rel1.win32_1.1.100.202309141235/tools/bin/../lib/gcc/arm-none-eabi/11.3.1/../../../../arm-none-eabi/lib/thumb/v7e-m+fp/hard\libc_nano.a(libc_a-gettimeofdayr.o): in function `_gettimeofday_r':
(.text._gettimeofday_r+0xe): warning: _gettimeofday is not implemented and will always fail
Finished building target: proyectoFinal_escarlina.elf
 
arm-none-eabi-size  proyectoFinal_escarlina.elf 
arm-none-eabi-objdump -h -S proyectoFinal_escarlina.elf  > "proyectoFinal_escarlina.list"
   text	   data	    bss	    dec	    hex	filename
  16380	   1184	   2272	  19836	   4d7c	proyectoFinal_escarlina.elf
Finished building: default.size.stdout
 
Finished building: proyectoFinal_escarlina.list
 
23:00:50 **** Incremental Build of configuration Debug for project proyectoFinal_escarlina ****
make -j8 all 
arm-none-eabi-gcc "../Core/Src/main.c" -mcpu=cortex-m4 -std=gnu11 -g3 -DDEBUG -DUSE_HAL_DRIVER -DSTM32F302x8 -c -I../Core/Inc -I../Drivers/STM32F3xx_HAL_Driver/Inc -I../Drivers/STM32F3xx_HAL_Driver/Inc/Legacy -I../Drivers/CMSIS/Device/ST/STM32F3xx/Include -I../Drivers/CMSIS/Include -O0 -ffunction-sections -fdata-sections -Wall -fstack-usage -fcyclomatic-complexity -MMD -MP -MF"Core/Src/main.d" -MT"Core/Src/main.o" --specs=nano.specs -mfpu=fpv4-sp-d16 -mfloat-abi=hard -mthumb -o "Core/Src/main.o"
../Core/Src/main.c: In function 'main':
../Core/Src/main.c:227:37: warning: passing argument 1 of 'mostrar_pieza' discards 'const' qualifier from pointer target type [-Wdiscarded-qualifiers]
  227 |                       mostrar_pieza(selected_piece, start_row);
      |                                     ^~~~~~~~~~~~~~
../Core/Src/main.c:150:30: note: expected 'uint8_t *' {aka 'unsigned char *'} but argument is of type 'const uint8_t *' {aka 'const unsigned char *'}
  150 |  void mostrar_pieza( uint8_t piece[8], int start_row) {
      |                      ~~~~~~~~^~~~~~~~
arm-none-eabi-gcc -o "proyectoFinal_escarlina.elf" @"objects.list"   -mcpu=cortex-m4 -T"C:\Users\mecat\Documents\GitHub\STM32CubeIDE\workspace_1.14.1\proyectoFinal_escarlina\STM32F302R8TX_FLASH.ld" --specs=nosys.specs -Wl,-Map="proyectoFinal_escarlina.map" -Wl,--gc-sections -static --specs=nano.specs -mfpu=fpv4-sp-d16 -mfloat-abi=hard -mthumb -Wl,--start-group -lc -lm -Wl,--end-group
C:/ST/STM32CubeIDE_1.14.1/STM32CubeIDE/plugins/com.st.stm32cube.ide.mcu.externaltools.gnu-tools-for-stm32.11.3.rel1.win32_1.1.100.202309141235/tools/bin/../lib/gcc/arm-none-eabi/11.3.1/../../../../arm-none-eabi/bin/ld.exe: C:/ST/STM32CubeIDE_1.14.1/STM32CubeIDE/plugins/com.st.stm32cube.ide.mcu.externaltools.gnu-tools-for-stm32.11.3.rel1.win32_1.1.100.202309141235/tools/bin/../lib/gcc/arm-none-eabi/11.3.1/../../../../arm-none-eabi/lib/thumb/v7e-m+fp/hard\libc_nano.a(libc_a-gettimeofdayr.o): in function `_gettimeofday_r':
(.text._gettimeofday_r+0xe): warning: _gettimeofday is not implemented and will always fail
Finished building target: proyectoFinal_escarlina.elf
 
arm-none-eabi-size  proyectoFinal_escarlina.elf 
arm-none-eabi-objdump -h -S proyectoFinal_escarlina.elf  > "proyectoFinal_escarlina.list"
   text	   data	    bss	    dec	    hex	filename
  16368	   1184	   2272	  19824	   4d70	proyectoFinal_escarlina.elf
Finished building: default.size.stdout
 
Finished building: proyectoFinal_escarlina.list
 
23:01:19 **** Incremental Build of configuration Debug for project proyectoFinal_escarlina ****
make -j8 all 
arm-none-eabi-gcc "../Core/Src/main.c" -mcpu=cortex-m4 -std=gnu11 -g3 -DDEBUG -DUSE_HAL_DRIVER -DSTM32F302x8 -c -I../Core/Inc -I../Drivers/STM32F3xx_HAL_Driver/Inc -I../Drivers/STM32F3xx_HAL_Driver/Inc/Legacy -I../Drivers/CMSIS/Device/ST/STM32F3xx/Include -I../Drivers/CMSIS/Include -O0 -ffunction-sections -fdata-sections -Wall -fstack-usage -fcyclomatic-complexity -MMD -MP -MF"Core/Src/main.d" -MT"Core/Src/main.o" --specs=nano.specs -mfpu=fpv4-sp-d16 -mfloat-abi=hard -mthumb -o "Core/Src/main.o"
../Core/Src/main.c: In function 'main':
../Core/Src/main.c:227:37: warning: passing argument 1 of 'mostrar_pieza' discards 'const' qualifier from pointer target type [-Wdiscarded-qualifiers]
  227 |                       mostrar_pieza(selected_piece, start_row);
      |                                     ^~~~~~~~~~~~~~
../Core/Src/main.c:150:30: note: expected 'uint8_t *' {aka 'unsigned char *'} but argument is of type 'const uint8_t *' {aka 'const unsigned char *'}
  150 |  void mostrar_pieza( uint8_t piece[8], int start_row) {
      |                      ~~~~~~~~^~~~~~~~
arm-none-eabi-gcc -o "proyectoFinal_escarlina.elf" @"objects.list"   -mcpu=cortex-m4 -T"C:\Users\mecat\Documents\GitHub\STM32CubeIDE\workspace_1.14.1\proyectoFinal_escarlina\STM32F302R8TX_FLASH.ld" --specs=nosys.specs -Wl,-Map="proyectoFinal_escarlina.map" -Wl,--gc-sections -static --specs=nano.specs -mfpu=fpv4-sp-d16 -mfloat-abi=hard -mthumb -Wl,--start-group -lc -lm -Wl,--end-group
C:/ST/STM32CubeIDE_1.14.1/STM32CubeIDE/plugins/com.st.stm32cube.ide.mcu.externaltools.gnu-tools-for-stm32.11.3.rel1.win32_1.1.100.202309141235/tools/bin/../lib/gcc/arm-none-eabi/11.3.1/../../../../arm-none-eabi/bin/ld.exe: C:/ST/STM32CubeIDE_1.14.1/STM32CubeIDE/plugins/com.st.stm32cube.ide.mcu.externaltools.gnu-tools-for-stm32.11.3.rel1.win32_1.1.100.202309141235/tools/bin/../lib/gcc/arm-none-eabi/11.3.1/../../../../arm-none-eabi/lib/thumb/v7e-m+fp/hard\libc_nano.a(libc_a-gettimeofdayr.o): in function `_gettimeofday_r':
(.text._gettimeofday_r+0xe): warning: _gettimeofday is not implemented and will always fail
Finished building target: proyectoFinal_escarlina.elf
 
arm-none-eabi-size  proyectoFinal_escarlina.elf 
arm-none-eabi-objdump -h -S proyectoFinal_escarlina.elf  > "proyectoFinal_escarlina.list"
   text	   data	    bss	    dec	    hex	filename
  16356	   1184	   2264	  19804	   4d5c	proyectoFinal_escarlina.elf
Finished building: default.size.stdout
 
Finished building: proyectoFinal_escarlina.list
 
23:02:20 **** Incremental Build of configuration Debug for project proyectoFinal_escarlina ****
make -j8 all 
arm-none-eabi-gcc "../Core/Src/main.c" -mcpu=cortex-m4 -std=gnu11 -g3 -DDEBUG -DUSE_HAL_DRIVER -DSTM32F302x8 -c -I../Core/Inc -I../Drivers/STM32F3xx_HAL_Driver/Inc -I../Drivers/STM32F3xx_HAL_Driver/Inc/Legacy -I../Drivers/CMSIS/Device/ST/STM32F3xx/Include -I../Drivers/CMSIS/Include -O0 -ffunction-sections -fdata-sections -Wall -fstack-usage -fcyclomatic-complexity -MMD -MP -MF"Core/Src/main.d" -MT"Core/Src/main.o" --specs=nano.specs -mfpu=fpv4-sp-d16 -mfloat-abi=hard -mthumb -o "Core/Src/main.o"
../Core/Src/main.c: In function 'main':
../Core/Src/main.c:227:37: warning: passing argument 1 of 'mostrar_pieza' discards 'const' qualifier from pointer target type [-Wdiscarded-qualifiers]
  227 |                       mostrar_pieza(selected_piece, start_row);
      |                                     ^~~~~~~~~~~~~~
../Core/Src/main.c:150:30: note: expected 'uint8_t *' {aka 'unsigned char *'} but argument is of type 'const uint8_t *' {aka 'const unsigned char *'}
  150 |  void mostrar_pieza( uint8_t piece[8], int start_row) {
      |                      ~~~~~~~~^~~~~~~~
arm-none-eabi-gcc -o "proyectoFinal_escarlina.elf" @"objects.list"   -mcpu=cortex-m4 -T"C:\Users\mecat\Documents\GitHub\STM32CubeIDE\workspace_1.14.1\proyectoFinal_escarlina\STM32F302R8TX_FLASH.ld" --specs=nosys.specs -Wl,-Map="proyectoFinal_escarlina.map" -Wl,--gc-sections -static --specs=nano.specs -mfpu=fpv4-sp-d16 -mfloat-abi=hard -mthumb -Wl,--start-group -lc -lm -Wl,--end-group
C:/ST/STM32CubeIDE_1.14.1/STM32CubeIDE/plugins/com.st.stm32cube.ide.mcu.externaltools.gnu-tools-for-stm32.11.3.rel1.win32_1.1.100.202309141235/tools/bin/../lib/gcc/arm-none-eabi/11.3.1/../../../../arm-none-eabi/bin/ld.exe: C:/ST/STM32CubeIDE_1.14.1/STM32CubeIDE/plugins/com.st.stm32cube.ide.mcu.externaltools.gnu-tools-for-stm32.11.3.rel1.win32_1.1.100.202309141235/tools/bin/../lib/gcc/arm-none-eabi/11.3.1/../../../../arm-none-eabi/lib/thumb/v7e-m+fp/hard\libc_nano.a(libc_a-gettimeofdayr.o): in function `_gettimeofday_r':
(.text._gettimeofday_r+0xe): warning: _gettimeofday is not implemented and will always fail
Finished building target: proyectoFinal_escarlina.elf
 
arm-none-eabi-size  proyectoFinal_escarlina.elf 
arm-none-eabi-objdump -h -S proyectoFinal_escarlina.elf  > "proyectoFinal_escarlina.list"
   text	   data	    bss	    dec	    hex	filename
  16356	   1184	   2264	  19804	   4d5c	proyectoFinal_escarlina.elf
Finished building: default.size.stdout
 
Finished building: proyectoFinal_escarlina.list
 
23:04:08 **** Incremental Build of configuration Debug for project proyectoFinal_escarlina ****
make -j8 all 
arm-none-eabi-gcc "../Core/Src/main.c" -mcpu=cortex-m4 -std=gnu11 -g3 -DDEBUG -DUSE_HAL_DRIVER -DSTM32F302x8 -c -I../Core/Inc -I../Drivers/STM32F3xx_HAL_Driver/Inc -I../Drivers/STM32F3xx_HAL_Driver/Inc/Legacy -I../Drivers/CMSIS/Device/ST/STM32F3xx/Include -I../Drivers/CMSIS/Include -O0 -ffunction-sections -fdata-sections -Wall -fstack-usage -fcyclomatic-complexity -MMD -MP -MF"Core/Src/main.d" -MT"Core/Src/main.o" --specs=nano.specs -mfpu=fpv4-sp-d16 -mfloat-abi=hard -mthumb -o "Core/Src/main.o"
../Core/Src/main.c: In function 'main':
../Core/Src/main.c:227:37: warning: passing argument 1 of 'mostrar_pieza' discards 'const' qualifier from pointer target type [-Wdiscarded-qualifiers]
  227 |                       mostrar_pieza(selected_piece, start_row);
      |                                     ^~~~~~~~~~~~~~
../Core/Src/main.c:150:30: note: expected 'uint8_t *' {aka 'unsigned char *'} but argument is of type 'const uint8_t *' {aka 'const unsigned char *'}
  150 |  void mostrar_pieza( uint8_t piece[8], int start_row) {
      |                      ~~~~~~~~^~~~~~~~
arm-none-eabi-gcc -o "proyectoFinal_escarlina.elf" @"objects.list"   -mcpu=cortex-m4 -T"C:\Users\mecat\Documents\GitHub\STM32CubeIDE\workspace_1.14.1\proyectoFinal_escarlina\STM32F302R8TX_FLASH.ld" --specs=nosys.specs -Wl,-Map="proyectoFinal_escarlina.map" -Wl,--gc-sections -static --specs=nano.specs -mfpu=fpv4-sp-d16 -mfloat-abi=hard -mthumb -Wl,--start-group -lc -lm -Wl,--end-group
C:/ST/STM32CubeIDE_1.14.1/STM32CubeIDE/plugins/com.st.stm32cube.ide.mcu.externaltools.gnu-tools-for-stm32.11.3.rel1.win32_1.1.100.202309141235/tools/bin/../lib/gcc/arm-none-eabi/11.3.1/../../../../arm-none-eabi/bin/ld.exe: C:/ST/STM32CubeIDE_1.14.1/STM32CubeIDE/plugins/com.st.stm32cube.ide.mcu.externaltools.gnu-tools-for-stm32.11.3.rel1.win32_1.1.100.202309141235/tools/bin/../lib/gcc/arm-none-eabi/11.3.1/../../../../arm-none-eabi/lib/thumb/v7e-m+fp/hard\libc_nano.a(libc_a-gettimeofdayr.o): in function `_gettimeofday_r':
(.text._gettimeofday_r+0xe): warning: _gettimeofday is not implemented and will always fail
Finished building target: proyectoFinal_escarlina.elf
 
arm-none-eabi-size  proyectoFinal_escarlina.elf 
arm-none-eabi-objdump -h -S proyectoFinal_escarlina.elf  > "proyectoFinal_escarlina.list"
   text	   data	    bss	    dec	    hex	filename
  16356	   1184	   2264	  19804	   4d5c	proyectoFinal_escarlina.elf
Finished building: default.size.stdout
 
Finished building: proyectoFinal_escarlina.list
 
23:05:31 **** Incremental Build of configuration Debug for project proyectoFinal_escarlina ****
make -j8 all 
arm-none-eabi-gcc "../Core/Src/main.c" -mcpu=cortex-m4 -std=gnu11 -g3 -DDEBUG -DUSE_HAL_DRIVER -DSTM32F302x8 -c -I../Core/Inc -I../Drivers/STM32F3xx_HAL_Driver/Inc -I../Drivers/STM32F3xx_HAL_Driver/Inc/Legacy -I../Drivers/CMSIS/Device/ST/STM32F3xx/Include -I../Drivers/CMSIS/Include -O0 -ffunction-sections -fdata-sections -Wall -fstack-usage -fcyclomatic-complexity -MMD -MP -MF"Core/Src/main.d" -MT"Core/Src/main.o" --specs=nano.specs -mfpu=fpv4-sp-d16 -mfloat-abi=hard -mthumb -o "Core/Src/main.o"
../Core/Src/main.c: In function 'main':
../Core/Src/main.c:196:37: warning: passing argument 1 of 'mostrar_pieza' discards 'const' qualifier from pointer target type [-Wdiscarded-qualifiers]
  196 |                       mostrar_pieza(selected_piece, start_row);
      |                                     ^~~~~~~~~~~~~~
../Core/Src/main.c:119:30: note: expected 'uint8_t *' {aka 'unsigned char *'} but argument is of type 'const uint8_t *' {aka 'const unsigned char *'}
  119 |  void mostrar_pieza( uint8_t piece[8], int start_row) {
      |                      ~~~~~~~~^~~~~~~~
arm-none-eabi-gcc -o "proyectoFinal_escarlina.elf" @"objects.list"   -mcpu=cortex-m4 -T"C:\Users\mecat\Documents\GitHub\STM32CubeIDE\workspace_1.14.1\proyectoFinal_escarlina\STM32F302R8TX_FLASH.ld" --specs=nosys.specs -Wl,-Map="proyectoFinal_escarlina.map" -Wl,--gc-sections -static --specs=nano.specs -mfpu=fpv4-sp-d16 -mfloat-abi=hard -mthumb -Wl,--start-group -lc -lm -Wl,--end-group
C:/ST/STM32CubeIDE_1.14.1/STM32CubeIDE/plugins/com.st.stm32cube.ide.mcu.externaltools.gnu-tools-for-stm32.11.3.rel1.win32_1.1.100.202309141235/tools/bin/../lib/gcc/arm-none-eabi/11.3.1/../../../../arm-none-eabi/bin/ld.exe: C:/ST/STM32CubeIDE_1.14.1/STM32CubeIDE/plugins/com.st.stm32cube.ide.mcu.externaltools.gnu-tools-for-stm32.11.3.rel1.win32_1.1.100.202309141235/tools/bin/../lib/gcc/arm-none-eabi/11.3.1/../../../../arm-none-eabi/lib/thumb/v7e-m+fp/hard\libc_nano.a(libc_a-gettimeofdayr.o): in function `_gettimeofday_r':
(.text._gettimeofday_r+0xe): warning: _gettimeofday is not implemented and will always fail
Finished building target: proyectoFinal_escarlina.elf
 
arm-none-eabi-size  proyectoFinal_escarlina.elf 
arm-none-eabi-objdump -h -S proyectoFinal_escarlina.elf  > "proyectoFinal_escarlina.list"
   text	   data	    bss	    dec	    hex	filename
  16356	   1184	   2264	  19804	   4d5c	proyectoFinal_escarlina.elf
Finished building: default.size.stdout
 
Finished building: proyectoFinal_escarlina.list
 
23:06:38 **** Incremental Build of configuration Debug for project proyectoFinal_escarlina ****
make -j8 all 
arm-none-eabi-gcc "../Core/Src/main.c" -mcpu=cortex-m4 -std=gnu11 -g3 -DDEBUG -DUSE_HAL_DRIVER -DSTM32F302x8 -c -I../Core/Inc -I../Drivers/STM32F3xx_HAL_Driver/Inc -I../Drivers/STM32F3xx_HAL_Driver/Inc/Legacy -I../Drivers/CMSIS/Device/ST/STM32F3xx/Include -I../Drivers/CMSIS/Include -O0 -ffunction-sections -fdata-sections -Wall -fstack-usage -fcyclomatic-complexity -MMD -MP -MF"Core/Src/main.d" -MT"Core/Src/main.o" --specs=nano.specs -mfpu=fpv4-sp-d16 -mfloat-abi=hard -mthumb -o "Core/Src/main.o"
../Core/Src/main.c: In function 'main':
../Core/Src/main.c:190:37: warning: passing argument 1 of 'mostrar_pieza' discards 'const' qualifier from pointer target type [-Wdiscarded-qualifiers]
  190 |                       mostrar_pieza(selected_piece, start_row);
      |                                     ^~~~~~~~~~~~~~
../Core/Src/main.c:113:30: note: expected 'uint8_t *' {aka 'unsigned char *'} but argument is of type 'const uint8_t *' {aka 'const unsigned char *'}
  113 |  void mostrar_pieza( uint8_t piece[8], int start_row) {
      |                      ~~~~~~~~^~~~~~~~
arm-none-eabi-gcc -o "proyectoFinal_escarlina.elf" @"objects.list"   -mcpu=cortex-m4 -T"C:\Users\mecat\Documents\GitHub\STM32CubeIDE\workspace_1.14.1\proyectoFinal_escarlina\STM32F302R8TX_FLASH.ld" --specs=nosys.specs -Wl,-Map="proyectoFinal_escarlina.map" -Wl,--gc-sections -static --specs=nano.specs -mfpu=fpv4-sp-d16 -mfloat-abi=hard -mthumb -Wl,--start-group -lc -lm -Wl,--end-group
C:/ST/STM32CubeIDE_1.14.1/STM32CubeIDE/plugins/com.st.stm32cube.ide.mcu.externaltools.gnu-tools-for-stm32.11.3.rel1.win32_1.1.100.202309141235/tools/bin/../lib/gcc/arm-none-eabi/11.3.1/../../../../arm-none-eabi/bin/ld.exe: C:/ST/STM32CubeIDE_1.14.1/STM32CubeIDE/plugins/com.st.stm32cube.ide.mcu.externaltools.gnu-tools-for-stm32.11.3.rel1.win32_1.1.100.202309141235/tools/bin/../lib/gcc/arm-none-eabi/11.3.1/../../../../arm-none-eabi/lib/thumb/v7e-m+fp/hard\libc_nano.a(libc_a-gettimeofdayr.o): in function `_gettimeofday_r':
(.text._gettimeofday_r+0xe): warning: _gettimeofday is not implemented and will always fail
Finished building target: proyectoFinal_escarlina.elf
 
arm-none-eabi-size  proyectoFinal_escarlina.elf 
arm-none-eabi-objdump -h -S proyectoFinal_escarlina.elf  > "proyectoFinal_escarlina.list"
   text	   data	    bss	    dec	    hex	filename
  16356	   1184	   2264	  19804	   4d5c	proyectoFinal_escarlina.elf
Finished building: default.size.stdout
 
Finished building: proyectoFinal_escarlina.list
 
23:08:29 **** Incremental Build of configuration Debug for project proyectoFinal_escarlina ****
make -j8 all 
arm-none-eabi-gcc "../Core/Src/main.c" -mcpu=cortex-m4 -std=gnu11 -g3 -DDEBUG -DUSE_HAL_DRIVER -DSTM32F302x8 -c -I../Core/Inc -I../Drivers/STM32F3xx_HAL_Driver/Inc -I../Drivers/STM32F3xx_HAL_Driver/Inc/Legacy -I../Drivers/CMSIS/Device/ST/STM32F3xx/Include -I../Drivers/CMSIS/Include -O0 -ffunction-sections -fdata-sections -Wall -fstack-usage -fcyclomatic-complexity -MMD -MP -MF"Core/Src/main.d" -MT"Core/Src/main.o" --specs=nano.specs -mfpu=fpv4-sp-d16 -mfloat-abi=hard -mthumb -o "Core/Src/main.o"
../Core/Src/main.c: In function 'main':
../Core/Src/main.c:183:37: warning: passing argument 1 of 'mostrar_pieza' discards 'const' qualifier from pointer target type [-Wdiscarded-qualifiers]
  183 |                       mostrar_pieza(selected_piece, start_row);
      |                                     ^~~~~~~~~~~~~~
../Core/Src/main.c:106:30: note: expected 'uint8_t *' {aka 'unsigned char *'} but argument is of type 'const uint8_t *' {aka 'const unsigned char *'}
  106 |  void mostrar_pieza( uint8_t piece[8], int start_row) {
      |                      ~~~~~~~~^~~~~~~~
arm-none-eabi-gcc -o "proyectoFinal_escarlina.elf" @"objects.list"   -mcpu=cortex-m4 -T"C:\Users\mecat\Documents\GitHub\STM32CubeIDE\workspace_1.14.1\proyectoFinal_escarlina\STM32F302R8TX_FLASH.ld" --specs=nosys.specs -Wl,-Map="proyectoFinal_escarlina.map" -Wl,--gc-sections -static --specs=nano.specs -mfpu=fpv4-sp-d16 -mfloat-abi=hard -mthumb -Wl,--start-group -lc -lm -Wl,--end-group
C:/ST/STM32CubeIDE_1.14.1/STM32CubeIDE/plugins/com.st.stm32cube.ide.mcu.externaltools.gnu-tools-for-stm32.11.3.rel1.win32_1.1.100.202309141235/tools/bin/../lib/gcc/arm-none-eabi/11.3.1/../../../../arm-none-eabi/bin/ld.exe: C:/ST/STM32CubeIDE_1.14.1/STM32CubeIDE/plugins/com.st.stm32cube.ide.mcu.externaltools.gnu-tools-for-stm32.11.3.rel1.win32_1.1.100.202309141235/tools/bin/../lib/gcc/arm-none-eabi/11.3.1/../../../../arm-none-eabi/lib/thumb/v7e-m+fp/hard\libc_nano.a(libc_a-gettimeofdayr.o): in function `_gettimeofday_r':
(.text._gettimeofday_r+0xe): warning: _gettimeofday is not implemented and will always fail
Finished building target: proyectoFinal_escarlina.elf
 
arm-none-eabi-size  proyectoFinal_escarlina.elf 
arm-none-eabi-objdump -h -S proyectoFinal_escarlina.elf  > "proyectoFinal_escarlina.list"
   text	   data	    bss	    dec	    hex	filename
  16232	    168	   2264	  18664	   48e8	proyectoFinal_escarlina.elf
Finished building: default.size.stdout
 
Finished building: proyectoFinal_escarlina.list
 
