23:21:54 **** Incremental Build of configuration Debug for project proyectoFinal_escarlina ****
make -j8 all 
arm-none-eabi-gcc "../Core/Src/main.c" -mcpu=cortex-m4 -std=gnu11 -g3 -DDEBUG -DUSE_HAL_DRIVER -DSTM32F302x8 -c -I../Core/Inc -I../Drivers/STM32F3xx_HAL_Driver/Inc -I../Drivers/STM32F3xx_HAL_Driver/Inc/Legacy -I../Drivers/CMSIS/Device/ST/STM32F3xx/Include -I../Drivers/CMSIS/Include -O0 -ffunction-sections -fdata-sections -Wall -fstack-usage -fcyclomatic-complexity -MMD -MP -MF"Core/Src/main.d" -MT"Core/Src/main.o" --specs=nano.specs -mfpu=fpv4-sp-d16 -mfloat-abi=hard -mthumb -o "Core/Src/main.o"
../Core/Src/main.c: In function 'main':
../Core/Src/main.c:185:37: warning: passing argument 1 of 'mostrar_pieza' discards 'const' qualifier from pointer target type [-Wdiscarded-qualifiers]
  185 |                       mostrar_pieza(sel_piezas, fila_inicial);
      |                                     ^~~~~~~~~~
../Core/Src/main.c:108:30: note: expected 'uint8_t *' {aka 'unsigned char *'} but argument is of type 'const uint8_t *' {aka 'const unsigned char *'}
  108 |  void mostrar_pieza( uint8_t piece[8], int fila_inicial) {
      |                      ~~~~~~~~^~~~~~~~
arm-none-eabi-gcc -o "proyectoFinal_escarlina.elf" @"objects.list"   -mcpu=cortex-m4 -T"C:\Users\mecat\Documents\GitHub\STM32CubeIDE\workspace_1.14.1\proyectoFinal_escarlina\STM32F302R8TX_FLASH.ld" --specs=nosys.specs -Wl,-Map="proyectoFinal_escarlina.map" -Wl,--gc-sections -static --specs=nano.specs -mfpu=fpv4-sp-d16 -mfloat-abi=hard -mthumb -Wl,--start-group -lc -lm -Wl,--end-group
C:/ST/STM32CubeIDE_1.14.1/STM32CubeIDE/plugins/com.st.stm32cube.ide.mcu.externaltools.gnu-tools-for-stm32.11.3.rel1.win32_1.1.100.202309141235/tools/bin/../lib/gcc/arm-none-eabi/11.3.1/../../../../arm-none-eabi/bin/ld.exe: C:/ST/STM32CubeIDE_1.14.1/STM32CubeIDE/plugins/com.st.stm32cube.ide.mcu.externaltools.gnu-tools-for-stm32.11.3.rel1.win32_1.1.100.202309141235/tools/bin/../lib/gcc/arm-none-eabi/11.3.1/../../../../arm-none-eabi/lib/thumb/v7e-m+fp/hard\libc_nano.a(libc_a-gettimeofdayr.o): in function `_gettimeofday_r':
(.text._gettimeofday_r+0xe): warning: _gettimeofday is not implemented and will always fail
Finished building target: proyectoFinal_escarlina.elf
 
arm-none-eabi-size  proyectoFinal_escarlina.elf 
arm-none-eabi-objdump -h -S proyectoFinal_escarlina.elf  > "proyectoFinal_escarlina.list"
   text	   data	    bss	    dec	    hex	filename
  16232	    168	   2264	  18664	   48e8	proyectoFinal_escarlina.elf
Finished building: default.size.stdout
 
Finished building: proyectoFinal_escarlina.list
 
