19:44:41 **** Incremental Build of configuration Debug for project PRACTICA2_MICRO2024 ****
make -j8 all 
arm-none-eabi-gcc "../Core/Src/main.c" -mcpu=cortex-m4 -std=gnu11 -g3 -DDEBUG -DUSE_HAL_DRIVER -DSTM32F302x8 -c -I../Core/Inc -I../Drivers/STM32F3xx_HAL_Driver/Inc -I../Drivers/STM32F3xx_HAL_Driver/Inc/Legacy -I../Drivers/CMSIS/Device/ST/STM32F3xx/Include -I../Drivers/CMSIS/Include -O0 -ffunction-sections -fdata-sections -Wall -fstack-usage -fcyclomatic-complexity -MMD -MP -MF"Core/Src/main.d" -MT"Core/Src/main.o" --specs=nano.specs -mfpu=fpv4-sp-d16 -mfloat-abi=hard -mthumb -o "Core/Src/main.o"
arm-none-eabi-gcc -o "PRACTICA2_MICRO2024.elf" @"objects.list"   -mcpu=cortex-m4 -T"C:\Users\mecat\Documents\GitHub\STM32CubeIDE\workspace_1.14.1\PRACTICA2_MICRO2024\STM32F302R8TX_FLASH.ld" --specs=nosys.specs -Wl,-Map="PRACTICA2_MICRO2024.map" -Wl,--gc-sections -static --specs=nano.specs -mfpu=fpv4-sp-d16 -mfloat-abi=hard -mthumb -Wl,--start-group -lc -lm -Wl,--end-group
Finished building target: PRACTICA2_MICRO2024.elf
 
arm-none-eabi-size  PRACTICA2_MICRO2024.elf 
arm-none-eabi-objdump -h -S PRACTICA2_MICRO2024.elf  > "PRACTICA2_MICRO2024.list"
   text	   data	    bss	    dec	    hex	filename
  30544	    104	   3192	  33840	   8430	PRACTICA2_MICRO2024.elf
Finished building: default.size.stdout
 
Finished building: PRACTICA2_MICRO2024.list
 
19:44:45 **** Incremental Build of configuration Debug for project PRACTICA2_MICRO2024 ****
make -j8 all 
arm-none-eabi-size  PRACTICA2_MICRO2024.elf 
   text	   data	    bss	    dec	    hex	filename
  30544	    104	   3192	  33840	   8430	PRACTICA2_MICRO2024.elf
Finished building: default.size.stdout
 
19:46:20 **** Incremental Build of configuration Debug for project PRACTICA2_MICRO2024 ****
make -j8 all 
arm-none-eabi-gcc "../Core/Src/main.c" -mcpu=cortex-m4 -std=gnu11 -g3 -DDEBUG -DUSE_HAL_DRIVER -DSTM32F302x8 -c -I../Core/Inc -I../Drivers/STM32F3xx_HAL_Driver/Inc -I../Drivers/STM32F3xx_HAL_Driver/Inc/Legacy -I../Drivers/CMSIS/Device/ST/STM32F3xx/Include -I../Drivers/CMSIS/Include -O0 -ffunction-sections -fdata-sections -Wall -fstack-usage -fcyclomatic-complexity -MMD -MP -MF"Core/Src/main.d" -MT"Core/Src/main.o" --specs=nano.specs -mfpu=fpv4-sp-d16 -mfloat-abi=hard -mthumb -o "Core/Src/main.o"
arm-none-eabi-gcc -o "PRACTICA2_MICRO2024.elf" @"objects.list"   -mcpu=cortex-m4 -T"C:\Users\mecat\Documents\GitHub\STM32CubeIDE\workspace_1.14.1\PRACTICA2_MICRO2024\STM32F302R8TX_FLASH.ld" --specs=nosys.specs -Wl,-Map="PRACTICA2_MICRO2024.map" -Wl,--gc-sections -static --specs=nano.specs -mfpu=fpv4-sp-d16 -mfloat-abi=hard -mthumb -Wl,--start-group -lc -lm -Wl,--end-group
Finished building target: PRACTICA2_MICRO2024.elf
 
arm-none-eabi-size  PRACTICA2_MICRO2024.elf 
arm-none-eabi-objdump -h -S PRACTICA2_MICRO2024.elf  > "PRACTICA2_MICRO2024.list"
   text	   data	    bss	    dec	    hex	filename
  30544	    104	   3192	  33840	   8430	PRACTICA2_MICRO2024.elf
Finished building: default.size.stdout
 
Finished building: PRACTICA2_MICRO2024.list
 
19:48:06 **** Incremental Build of configuration Debug for project PRACTICA2_MICRO2024 ****
make -j8 all 
arm-none-eabi-gcc "../Core/Src/main.c" -mcpu=cortex-m4 -std=gnu11 -g3 -DDEBUG -DUSE_HAL_DRIVER -DSTM32F302x8 -c -I../Core/Inc -I../Drivers/STM32F3xx_HAL_Driver/Inc -I../Drivers/STM32F3xx_HAL_Driver/Inc/Legacy -I../Drivers/CMSIS/Device/ST/STM32F3xx/Include -I../Drivers/CMSIS/Include -O0 -ffunction-sections -fdata-sections -Wall -fstack-usage -fcyclomatic-complexity -MMD -MP -MF"Core/Src/main.d" -MT"Core/Src/main.o" --specs=nano.specs -mfpu=fpv4-sp-d16 -mfloat-abi=hard -mthumb -o "Core/Src/main.o"
arm-none-eabi-gcc -o "PRACTICA2_MICRO2024.elf" @"objects.list"   -mcpu=cortex-m4 -T"C:\Users\mecat\Documents\GitHub\STM32CubeIDE\workspace_1.14.1\PRACTICA2_MICRO2024\STM32F302R8TX_FLASH.ld" --specs=nosys.specs -Wl,-Map="PRACTICA2_MICRO2024.map" -Wl,--gc-sections -static --specs=nano.specs -mfpu=fpv4-sp-d16 -mfloat-abi=hard -mthumb -Wl,--start-group -lc -lm -Wl,--end-group
Finished building target: PRACTICA2_MICRO2024.elf
 
arm-none-eabi-size  PRACTICA2_MICRO2024.elf 
arm-none-eabi-objdump -h -S PRACTICA2_MICRO2024.elf  > "PRACTICA2_MICRO2024.list"
   text	   data	    bss	    dec	    hex	filename
  30528	    104	   3192	  33824	   8420	PRACTICA2_MICRO2024.elf
Finished building: default.size.stdout
 
Finished building: PRACTICA2_MICRO2024.list
 
19:49:05 **** Incremental Build of configuration Debug for project PRACTICA2_MICRO2024 ****
make -j8 all 
arm-none-eabi-gcc "../Core/Src/main.c" -mcpu=cortex-m4 -std=gnu11 -g3 -DDEBUG -DUSE_HAL_DRIVER -DSTM32F302x8 -c -I../Core/Inc -I../Drivers/STM32F3xx_HAL_Driver/Inc -I../Drivers/STM32F3xx_HAL_Driver/Inc/Legacy -I../Drivers/CMSIS/Device/ST/STM32F3xx/Include -I../Drivers/CMSIS/Include -O0 -ffunction-sections -fdata-sections -Wall -fstack-usage -fcyclomatic-complexity -MMD -MP -MF"Core/Src/main.d" -MT"Core/Src/main.o" --specs=nano.specs -mfpu=fpv4-sp-d16 -mfloat-abi=hard -mthumb -o "Core/Src/main.o"
arm-none-eabi-gcc -o "PRACTICA2_MICRO2024.elf" @"objects.list"   -mcpu=cortex-m4 -T"C:\Users\mecat\Documents\GitHub\STM32CubeIDE\workspace_1.14.1\PRACTICA2_MICRO2024\STM32F302R8TX_FLASH.ld" --specs=nosys.specs -Wl,-Map="PRACTICA2_MICRO2024.map" -Wl,--gc-sections -static --specs=nano.specs -mfpu=fpv4-sp-d16 -mfloat-abi=hard -mthumb -Wl,--start-group -lc -lm -Wl,--end-group
Finished building target: PRACTICA2_MICRO2024.elf
 
arm-none-eabi-size  PRACTICA2_MICRO2024.elf 
arm-none-eabi-objdump -h -S PRACTICA2_MICRO2024.elf  > "PRACTICA2_MICRO2024.list"
   text	   data	    bss	    dec	    hex	filename
  30536	    104	   3192	  33832	   8428	PRACTICA2_MICRO2024.elf
Finished building: default.size.stdout
 
Finished building: PRACTICA2_MICRO2024.list
 
19:50:17 **** Incremental Build of configuration Debug for project PRACTICA2_MICRO2024 ****
make -j8 all 
arm-none-eabi-gcc "../Core/Src/main.c" -mcpu=cortex-m4 -std=gnu11 -g3 -DDEBUG -DUSE_HAL_DRIVER -DSTM32F302x8 -c -I../Core/Inc -I../Drivers/STM32F3xx_HAL_Driver/Inc -I../Drivers/STM32F3xx_HAL_Driver/Inc/Legacy -I../Drivers/CMSIS/Device/ST/STM32F3xx/Include -I../Drivers/CMSIS/Include -O0 -ffunction-sections -fdata-sections -Wall -fstack-usage -fcyclomatic-complexity -MMD -MP -MF"Core/Src/main.d" -MT"Core/Src/main.o" --specs=nano.specs -mfpu=fpv4-sp-d16 -mfloat-abi=hard -mthumb -o "Core/Src/main.o"
arm-none-eabi-gcc -o "PRACTICA2_MICRO2024.elf" @"objects.list"   -mcpu=cortex-m4 -T"C:\Users\mecat\Documents\GitHub\STM32CubeIDE\workspace_1.14.1\PRACTICA2_MICRO2024\STM32F302R8TX_FLASH.ld" --specs=nosys.specs -Wl,-Map="PRACTICA2_MICRO2024.map" -Wl,--gc-sections -static --specs=nano.specs -mfpu=fpv4-sp-d16 -mfloat-abi=hard -mthumb -Wl,--start-group -lc -lm -Wl,--end-group
Finished building target: PRACTICA2_MICRO2024.elf
 
arm-none-eabi-size  PRACTICA2_MICRO2024.elf 
arm-none-eabi-objdump -h -S PRACTICA2_MICRO2024.elf  > "PRACTICA2_MICRO2024.list"
   text	   data	    bss	    dec	    hex	filename
  30536	    100	   3196	  33832	   8428	PRACTICA2_MICRO2024.elf
Finished building: default.size.stdout
 
Finished building: PRACTICA2_MICRO2024.list
 
19:51:41 **** Incremental Build of configuration Debug for project PRACTICA2_MICRO2024 ****
make -j8 all 
arm-none-eabi-gcc "../Core/Src/main.c" -mcpu=cortex-m4 -std=gnu11 -g3 -DDEBUG -DUSE_HAL_DRIVER -DSTM32F302x8 -c -I../Core/Inc -I../Drivers/STM32F3xx_HAL_Driver/Inc -I../Drivers/STM32F3xx_HAL_Driver/Inc/Legacy -I../Drivers/CMSIS/Device/ST/STM32F3xx/Include -I../Drivers/CMSIS/Include -O0 -ffunction-sections -fdata-sections -Wall -fstack-usage -fcyclomatic-complexity -MMD -MP -MF"Core/Src/main.d" -MT"Core/Src/main.o" --specs=nano.specs -mfpu=fpv4-sp-d16 -mfloat-abi=hard -mthumb -o "Core/Src/main.o"
arm-none-eabi-gcc -o "PRACTICA2_MICRO2024.elf" @"objects.list"   -mcpu=cortex-m4 -T"C:\Users\mecat\Documents\GitHub\STM32CubeIDE\workspace_1.14.1\PRACTICA2_MICRO2024\STM32F302R8TX_FLASH.ld" --specs=nosys.specs -Wl,-Map="PRACTICA2_MICRO2024.map" -Wl,--gc-sections -static --specs=nano.specs -mfpu=fpv4-sp-d16 -mfloat-abi=hard -mthumb -Wl,--start-group -lc -lm -Wl,--end-group
Finished building target: PRACTICA2_MICRO2024.elf
 
arm-none-eabi-size  PRACTICA2_MICRO2024.elf 
arm-none-eabi-objdump -h -S PRACTICA2_MICRO2024.elf  > "PRACTICA2_MICRO2024.list"
   text	   data	    bss	    dec	    hex	filename
  30536	    100	   3196	  33832	   8428	PRACTICA2_MICRO2024.elf
Finished building: default.size.stdout
 
Finished building: PRACTICA2_MICRO2024.list
 
19:52:23 **** Incremental Build of configuration Debug for project PRACTICA2_MICRO2024 ****
make -j8 all 
arm-none-eabi-gcc "../Core/Src/main.c" -mcpu=cortex-m4 -std=gnu11 -g3 -DDEBUG -DUSE_HAL_DRIVER -DSTM32F302x8 -c -I../Core/Inc -I../Drivers/STM32F3xx_HAL_Driver/Inc -I../Drivers/STM32F3xx_HAL_Driver/Inc/Legacy -I../Drivers/CMSIS/Device/ST/STM32F3xx/Include -I../Drivers/CMSIS/Include -O0 -ffunction-sections -fdata-sections -Wall -fstack-usage -fcyclomatic-complexity -MMD -MP -MF"Core/Src/main.d" -MT"Core/Src/main.o" --specs=nano.specs -mfpu=fpv4-sp-d16 -mfloat-abi=hard -mthumb -o "Core/Src/main.o"
arm-none-eabi-gcc -o "PRACTICA2_MICRO2024.elf" @"objects.list"   -mcpu=cortex-m4 -T"C:\Users\mecat\Documents\GitHub\STM32CubeIDE\workspace_1.14.1\PRACTICA2_MICRO2024\STM32F302R8TX_FLASH.ld" --specs=nosys.specs -Wl,-Map="PRACTICA2_MICRO2024.map" -Wl,--gc-sections -static --specs=nano.specs -mfpu=fpv4-sp-d16 -mfloat-abi=hard -mthumb -Wl,--start-group -lc -lm -Wl,--end-group
Finished building target: PRACTICA2_MICRO2024.elf
 
arm-none-eabi-size  PRACTICA2_MICRO2024.elf 
arm-none-eabi-objdump -h -S PRACTICA2_MICRO2024.elf  > "PRACTICA2_MICRO2024.list"
   text	   data	    bss	    dec	    hex	filename
  30528	    100	   3196	  33824	   8420	PRACTICA2_MICRO2024.elf
Finished building: default.size.stdout
 
Finished building: PRACTICA2_MICRO2024.list
 
