23:53:53 **** Incremental Build of configuration Debug for project practica2_MICRO ****
make -j8 all 
arm-none-eabi-gcc "../Core/Src/main.c" -mcpu=cortex-m4 -std=gnu11 -g3 -DDEBUG -DUSE_HAL_DRIVER -DSTM32F302x8 -c -I../Core/Inc -I../Drivers/STM32F3xx_HAL_Driver/Inc -I../Drivers/STM32F3xx_HAL_Driver/Inc/Legacy -I../Drivers/CMSIS/Device/ST/STM32F3xx/Include -I../Drivers/CMSIS/Include -O0 -ffunction-sections -fdata-sections -Wall -fstack-usage -fcyclomatic-complexity -MMD -MP -MF"Core/Src/main.d" -MT"Core/Src/main.o" --specs=nano.specs -mfpu=fpv4-sp-d16 -mfloat-abi=hard -mthumb -o "Core/Src/main.o"
arm-none-eabi-gcc -o "practica2_MICRO.elf" @"objects.list"   -mcpu=cortex-m4 -T"C:\Users\mecat\Documents\GitHub\STM32CubeIDE\workspace_1.14.1\practica2_MICRO\STM32F302R8TX_FLASH.ld" --specs=nosys.specs -Wl,-Map="practica2_MICRO.map" -Wl,--gc-sections -static --specs=nano.specs -mfpu=fpv4-sp-d16 -mfloat-abi=hard -mthumb -Wl,--start-group -lc -lm -Wl,--end-group
Finished building target: practica2_MICRO.elf
 
arm-none-eabi-size  practica2_MICRO.elf 
arm-none-eabi-objdump -h -S practica2_MICRO.elf  > "practica2_MICRO.list"
   text	   data	    bss	    dec	    hex	filename
  14340	    224	   1792	  16356	   3fe4	practica2_MICRO.elf
Finished building: default.size.stdout
 
Finished building: practica2_MICRO.list
 

23:53:54 Build Finished. 0 errors, 0 warnings. (took 913ms)

