17:24:19 **** Incremental Build of configuration Debug for project practica_victor_suero ****
make -j8 all 
arm-none-eabi-gcc "../Core/Src/main.c" -mcpu=cortex-m4 -std=gnu11 -g3 -DDEBUG -DUSE_HAL_DRIVER -DSTM32F302x8 -c -I../Core/Inc -I../Drivers/STM32F3xx_HAL_Driver/Inc -I../Drivers/STM32F3xx_HAL_Driver/Inc/Legacy -I../Drivers/CMSIS/Device/ST/STM32F3xx/Include -I../Drivers/CMSIS/Include -O0 -ffunction-sections -fdata-sections -Wall -fstack-usage -fcyclomatic-complexity -MMD -MP -MF"Core/Src/main.d" -MT"Core/Src/main.o" --specs=nano.specs -mfpu=fpv4-sp-d16 -mfloat-abi=hard -mthumb -o "Core/Src/main.o"
arm-none-eabi-gcc -o "practica_victor_suero.elf" @"objects.list"   -mcpu=cortex-m4 -T"C:\Users\mecat\Documents\GitHub\STM32CubeIDE\workspace_1.14.1\practica_victor_suero\STM32F302R8TX_FLASH.ld" --specs=nosys.specs -Wl,-Map="practica_victor_suero.map" -Wl,--gc-sections -static --specs=nano.specs -mfpu=fpv4-sp-d16 -mfloat-abi=hard -mthumb -Wl,--start-group -lc -lm -Wl,--end-group
Finished building target: practica_victor_suero.elf
 
arm-none-eabi-size  practica_victor_suero.elf 
arm-none-eabi-objdump -h -S practica_victor_suero.elf  > "practica_victor_suero.list"
   text	   data	    bss	    dec	    hex	filename
  27500	   1116	   2540	  31156	   79b4	practica_victor_suero.elf
Finished building: default.size.stdout
 
Finished building: practica_victor_suero.list
 

17:24:20 Build Finished. 0 errors, 0 warnings. (took 1s.86ms)

