../Core/Src/main.c:85:6:mostrar_pieza	32	static
../Core/Src/main.c:92:6:mover_pieza_abajo	32	static
../Core/Src/main.c:102:6:verificar_filas_llenas	24	static
../Core/Src/main.c:131:6:reiniciar_juego	16	static
../Core/Src/main.c:171:5:main	64	static
../Core/Src/main.c:264:6:SystemClock_Config	120	static
../Core/Src/main.c:312:13:MX_I2C1_Init	8	static
../Core/Src/main.c:360:13:MX_USART2_UART_Init	8	static
../Core/Src/main.c:395:13:MX_GPIO_Init	48	static
../Core/Src/main.c:451:6:HAL_GPIO_EXTI_Callback	16	static
../Core/Src/main.c:468:6:Error_Handler	4	static,ignoring_inline_asm
