../Core/Src/main.c:95:6:mostrar_pieza	32	static
../Core/Src/main.c:102:6:mover_pieza_abajo	32	static
../Core/Src/main.c:112:6:verificar_filas_llenas	24	static
../Core/Src/main.c:140:6:reiniciar_juego	16	static
../Core/Src/main.c:174:6:programa_principal	64	static
../Core/Src/main.c:227:6:HAL_ADC_ConvCpltCallback	24	static
../Core/Src/main.c:302:6:SystemClock_Config	120	static
../Core/Src/main.c:352:13:MX_ADC1_Init	32	static
../Core/Src/main.c:409:13:MX_I2C1_Init	8	static
../Core/Src/main.c:457:13:MX_USART2_UART_Init	8	static
../Core/Src/main.c:492:13:MX_GPIO_Init	48	static
../Core/Src/main.c:548:6:HAL_GPIO_EXTI_Callback	16	static
../Core/Src/main.c:565:6:Error_Handler	4	static,ignoring_inline_asm
