../Core/Src/main.c:86:6:HAL_TIM_PeriodElapsedCallback	16	static
../Core/Src/main.c:160:6:Medir_ADC	8	static
../Core/Src/main.c:175:5:main	8	static
../Core/Src/main.c:266:6:SystemClock_Config	120	static
../Core/Src/main.c:318:13:MX_ADC1_Init	32	static
../Core/Src/main.c:375:13:MX_I2C1_Init	8	static
../Core/Src/main.c:423:13:MX_TIM1_Init	40	static
../Core/Src/main.c:470:13:MX_TIM2_Init	40	static
../Core/Src/main.c:515:13:MX_USART2_UART_Init	8	static
../Core/Src/main.c:550:13:MX_GPIO_Init	48	static
../Core/Src/main.c:590:6:Error_Handler	4	static,ignoring_inline_asm
