../Core/Src/main.c:82:6:HAL_TIM_PeriodElapsedCallback	16	static
../Core/Src/main.c:156:6:Medir_ADC	8	static
../Core/Src/main.c:172:5:main	8	static
../Core/Src/main.c:235:6:SystemClock_Config	96	static
../Core/Src/main.c:285:13:MX_ADC1_Init	48	static
../Core/Src/main.c:352:13:MX_I2C1_Init	8	static
../Core/Src/main.c:400:13:MX_TIM3_Init	40	static
../Core/Src/main.c:445:13:MX_USART2_UART_Init	8	static
../Core/Src/main.c:480:13:MX_GPIO_Init	48	static
../Core/Src/main.c:520:6:Error_Handler	4	static,ignoring_inline_asm
