../Core/Src/main.c:76:6:HAL_TIM_PeriodElapsedCallback	16	static
../Core/Src/main.c:107:6:Medir_ADC	8	static
../Core/Src/main.c:116:6:Mostrar_Data	4	static
../Core/Src/main.c:126:5:main	8	static
../Core/Src/main.c:189:6:SystemClock_Config	96	static
../Core/Src/main.c:239:13:MX_ADC1_Init	48	static
../Core/Src/main.c:306:13:MX_I2C1_Init	8	static
../Core/Src/main.c:354:13:MX_TIM3_Init	40	static
../Core/Src/main.c:399:13:MX_USART2_UART_Init	8	static
../Core/Src/main.c:434:13:MX_GPIO_Init	48	static
../Core/Src/main.c:474:6:Error_Handler	4	static,ignoring_inline_asm
