../Core/Src/main.c:85:5:main	128	static
../Core/Src/main.c:172:6:SystemClock_Config	96	static
../Core/Src/main.c:222:13:MX_ADC1_Init	48	static
../Core/Src/main.c:289:13:MX_USART2_UART_Init	8	static
../Core/Src/main.c:322:13:MX_DMA_Init	16	static
../Core/Src/main.c:340:13:MX_GPIO_Init	48	static
../Core/Src/main.c:383:6:Startlcd	16	static
../Core/Src/main.c:403:6:Startadc	16	static
../Core/Src/main.c:423:6:Startled	16	static
../Core/Src/main.c:446:6:Startadcj	16	static
../Core/Src/main.c:467:6:HAL_TIM_PeriodElapsedCallback	16	static
../Core/Src/main.c:484:6:Error_Handler	4	static,ignoring_inline_asm
