../Core/Src/main.c:78:6:Medir_ADC	8	static
../Core/Src/main.c:93:5:main	160	static
../Core/Src/main.c:184:6:SystemClock_Config	120	static
../Core/Src/main.c:234:13:MX_ADC1_Init	32	static
../Core/Src/main.c:291:13:MX_I2C1_Init	8	static
../Core/Src/main.c:339:13:MX_USART2_UART_Init	8	static
../Core/Src/main.c:374:13:MX_GPIO_Init	48	static
../Core/Src/main.c:417:6:Startadc2	16	static
../Core/Src/main.c:436:6:Startlcd2	16	static
../Core/Src/main.c:456:6:Startkeypad2	16	static
../Core/Src/main.c:474:6:Startmatriz2	16	static
../Core/Src/main.c:492:6:Startsonic2	16	static
../Core/Src/main.c:511:6:HAL_TIM_PeriodElapsedCallback	16	static
../Core/Src/main.c:528:6:Error_Handler	4	static,ignoring_inline_asm
