../Core/Src/main.c:102:6:Medir_ADC	8	static
../Core/Src/main.c:111:6:HAL_TIM_PeriodElapsedCallback	16	static
../Core/Src/main.c:185:6:task_ultra	16	static
../Core/Src/main.c:195:6:LIMPIAR_MATRIZ	8	static
../Core/Src/main.c:205:5:main	8	static
../Core/Src/main.c:291:6:SystemClock_Config	120	static
../Core/Src/main.c:343:13:MX_ADC1_Init	32	static
../Core/Src/main.c:400:13:MX_I2C1_Init	8	static
../Core/Src/main.c:448:13:MX_TIM2_Init	40	static
../Core/Src/main.c:493:13:MX_TIM15_Init	40	static
../Core/Src/main.c:539:13:MX_USART2_UART_Init	8	static
../Core/Src/main.c:574:13:MX_GPIO_Init	48	static
../Core/Src/main.c:630:6:Error_Handler	4	static,ignoring_inline_asm
