../Core/Src/main.c:71:6:Medir_ADC	8	static
../Core/Src/main.c:86:5:main	72	static
../Core/Src/main.c:165:6:SystemClock_Config	120	static
../Core/Src/main.c:215:13:MX_ADC1_Init	32	static
../Core/Src/main.c:272:13:MX_I2C1_Init	8	static
../Core/Src/main.c:320:13:MX_USART2_UART_Init	8	static
../Core/Src/main.c:355:13:MX_GPIO_Init	48	static
../Core/Src/main.c:398:6:Startadc223	16	static
../Core/Src/main.c:417:6:Startlcd33	16	static
../Core/Src/main.c:438:6:HAL_TIM_PeriodElapsedCallback	16	static
../Core/Src/main.c:455:6:Error_Handler	4	static,ignoring_inline_asm
